[    0.000000] Linux version 6.6.8-cache-ext+ (root@an-VMware-Virtual-Platform) (Ubuntu clang version 18.1.3 (1ubuntu1), Ubuntu LLD 18.1.3) #1 SMP PREEMPT_DYNAMIC Thu Nov 20 03:52:39 KST 2025
[    0.000000] Command line: BOOT_IMAGE=/boot/vmlinuz-6.6.8-cache-ext+ root=UUID=708c6408-ccb7-4565-8827-652aeee382bc ro lsm=ndlock,lockdown,yama,integrity,apparmor,bpf debug loglevel=7 earlyprintk=vga,keep nokaslr rootdelay=5
[    0.000000] KERNEL supported cpus:
[    0.000000]   Intel GenuineIntel
[    0.000000]   AMD AuthenticAMD
[    0.000000]   Hygon HygonGenuine
[    0.000000]   Centaur CentaurHauls
[    0.000000]   zhaoxin   Shanghai  
[    0.000000] [Firmware Bug]: TSC doesn't count with P0 frequency!
[    0.000000] BIOS-provided physical RAM map:
[    0.000000] BIOS-e820: [mem 0x0000000000000000-0x000000000009e7ff] usable
[    0.000000] BIOS-e820: [mem 0x000000000009e800-0x000000000009ffff] reserved
[    0.000000] BIOS-e820: [mem 0x00000000000dc000-0x00000000000fffff] reserved
[    0.000000] BIOS-e820: [mem 0x0000000000100000-0x00000000bfecffff] usable
[    0.000000] BIOS-e820: [mem 0x00000000bfed0000-0x00000000bfefefff] ACPI data
[    0.000000] BIOS-e820: [mem 0x00000000bfeff000-0x00000000bfefffff] ACPI NVS
[    0.000000] BIOS-e820: [mem 0x00000000bff00000-0x00000000bfffffff] usable
[    0.000000] BIOS-e820: [mem 0x00000000f0000000-0x00000000f7ffffff] reserved
[    0.000000] BIOS-e820: [mem 0x00000000fec00000-0x00000000fec0ffff] reserved
[    0.000000] BIOS-e820: [mem 0x00000000fee00000-0x00000000fee00fff] reserved
[    0.000000] BIOS-e820: [mem 0x00000000fffe0000-0x00000000ffffffff] reserved
[    0.000000] BIOS-e820: [mem 0x0000000100000000-0x000000023fffffff] usable
[    0.000000] printk: console [earlyvga0] enabled
[    0.000000] NX (Execute Disable) protection: active
[    0.000000] APIC: Static calls initialized
[    0.000000] SMBIOS 2.7 present.
[    0.000000] DMI: VMware, Inc. VMware Virtual Platform/440BX Desktop Reference Platform, BIOS 6.00 11/12/2020
[    0.000000] vmware: hypercall mode: 0x01
[    0.000000] Hypervisor detected: VMware
[    0.000000] vmware: TSC freq read from hypervisor : 3799.904 MHz
[    0.000000] vmware: Host bus clock speed read from hypervisor : 66000000 Hz
[    0.000000] vmware: using clock offset of 7602655966 ns
[    0.024425] tsc: Detected 3799.904 MHz processor
[    0.050047] e820: update [mem 0x00000000-0x00000fff] usable ==> reserved
[    0.050055] e820: remove [mem 0x000a0000-0x000fffff] usable
[    0.050060] last_pfn = 0x240000 max_arch_pfn = 0x400000000
[    0.074806] total RAM covered: 261120M
[    0.099189]  gran_size: 64K 	chunk_size: 64K 	num_reg: 8  	lose cover RAM: 0G
[    0.148426]  gran_size: 64K 	chunk_size: 128K 	num_reg: 8  	lose cover RAM: 0G
[    0.198592]  gran_size: 64K 	chunk_size: 256K 	num_reg: 8  	lose cover RAM: 0G
[    0.247537]  gran_size: 64K 	chunk_size: 512K 	num_reg: 8  	lose cover RAM: 0G
[    0.295577]  gran_size: 64K 	chunk_size: 1M 	num_reg: 8  	lose cover RAM: 0G
[    0.320692]  gran_size: 64K 	chunk_size: 2M 	num_reg: 8  	lose cover RAM: 0G
[    0.345291]  gran_size: 64K 	chunk_size: 4M 	num_reg: 8  	lose cover RAM: 0G
[    0.370243]  gran_size: 64K 	chunk_size: 8M 	num_reg: 8  	lose cover RAM: 0G
[    0.395685]  gran_size: 64K 	chunk_size: 16M 	num_reg: 8  	lose cover RAM: 0G
[    0.446704]  gran_size: 64K 	chunk_size: 32M 	num_reg: 8  	lose cover RAM: 0G
[    0.496254]  gran_size: 64K 	chunk_size: 64M 	num_reg: 8  	lose cover RAM: 0G
[    0.545647]  gran_size: 64K 	chunk_size: 128M 	num_reg: 8  	lose cover RAM: 0G
[    0.593887]  gran_size: 64K 	chunk_size: 256M 	num_reg: 8  	lose cover RAM: 0G
[    0.642000]  gran_size: 64K 	chunk_size: 512M 	num_reg: 8  	lose cover RAM: 0G
[    0.690170]  gran_size: 64K 	chunk_size: 1G 	num_reg: 8  	lose cover RAM: 0G
[    0.716149]  gran_size: 64K 	chunk_size: 2G 	num_reg: 8  	lose cover RAM: 0G
[    0.741586]  gran_size: 128K 	chunk_size: 128K 	num_reg: 8  	lose cover RAM: 0G
[    0.790174]  gran_size: 128K 	chunk_size: 256K 	num_reg: 8  	lose cover RAM: 0G
[    0.839856]  gran_size: 128K 	chunk_size: 512K 	num_reg: 8  	lose cover RAM: 0G
[    0.889042]  gran_size: 128K 	chunk_size: 1M 	num_reg: 8  	lose cover RAM: 0G
[    0.938951]  gran_size: 128K 	chunk_size: 2M 	num_reg: 8  	lose cover RAM: 0G
[    0.988569]  gran_size: 128K 	chunk_size: 4M 	num_reg: 8  	lose cover RAM: 0G
[    1.037053]  gran_size: 128K 	chunk_size: 8M 	num_reg: 8  	lose cover RAM: 0G
[    1.086395]  gran_size: 128K 	chunk_size: 16M 	num_reg: 8  	lose cover RAM: 0G
[    1.136574]  gran_size: 128K 	chunk_size: 32M 	num_reg: 8  	lose cover RAM: 0G
[    1.186228]  gran_size: 128K 	chunk_size: 64M 	num_reg: 8  	lose cover RAM: 0G
[    1.236890]  gran_size: 128K 	chunk_size: 128M 	num_reg: 8  	lose cover RAM: 0G
[    1.285960]  gran_size: 128K 	chunk_size: 256M 	num_reg: 8  	lose cover RAM: 0G
[    1.335240]  gran_size: 128K 	chunk_size: 512M 	num_reg: 8  	lose cover RAM: 0G
[    1.384294]  gran_size: 128K 	chunk_size: 1G 	num_reg: 8  	lose cover RAM: 0G
[    1.432714]  gran_size: 128K 	chunk_size: 2G 	num_reg: 8  	lose cover RAM: 0G
[    1.481400]  gran_size: 256K 	chunk_size: 256K 	num_reg: 8  	lose cover RAM: 0G
[    1.529823]  gran_size: 256K 	chunk_size: 512K 	num_reg: 8  	lose cover RAM: 0G
[    1.578949]  gran_size: 256K 	chunk_size: 1M 	num_reg: 8  	lose cover RAM: 0G
[    1.627682]  gran_size: 256K 	chunk_size: 2M 	num_reg: 8  	lose cover RAM: 0G
[    1.677724]  gran_size: 256K 	chunk_size: 4M 	num_reg: 8  	lose cover RAM: 0G
[    1.727811]  gran_size: 256K 	chunk_size: 8M 	num_reg: 8  	lose cover RAM: 0G
[    1.776799]  gran_size: 256K 	chunk_size: 16M 	num_reg: 8  	lose cover RAM: 0G
[    1.826375]  gran_size: 256K 	chunk_size: 32M 	num_reg: 8  	lose cover RAM: 0G
[    1.874917]  gran_size: 256K 	chunk_size: 64M 	num_reg: 8  	lose cover RAM: 0G
[    1.924624]  gran_size: 256K 	chunk_size: 128M 	num_reg: 8  	lose cover RAM: 0G
[    1.973460]  gran_size: 256K 	chunk_size: 256M 	num_reg: 8  	lose cover RAM: 0G
[    2.022485]  gran_size: 256K 	chunk_size: 512M 	num_reg: 8  	lose cover RAM: 0G
[    2.072644]  gran_size: 256K 	chunk_size: 1G 	num_reg: 8  	lose cover RAM: 0G
[    2.122844]  gran_size: 256K 	chunk_size: 2G 	num_reg: 8  	lose cover RAM: 0G
[    2.173017]  gran_size: 512K 	chunk_size: 512K 	num_reg: 8  	lose cover RAM: 0G
[    2.221822]  gran_size: 512K 	chunk_size: 1M 	num_reg: 8  	lose cover RAM: 0G
[    2.270048]  gran_size: 512K 	chunk_size: 2M 	num_reg: 8  	lose cover RAM: 0G
[    2.318523]  gran_size: 512K 	chunk_size: 4M 	num_reg: 8  	lose cover RAM: 0G
[    2.367123]  gran_size: 512K 	chunk_size: 8M 	num_reg: 8  	lose cover RAM: 0G
[    2.415993]  gran_size: 512K 	chunk_size: 16M 	num_reg: 8  	lose cover RAM: 0G
[    2.465210]  gran_size: 512K 	chunk_size: 32M 	num_reg: 8  	lose cover RAM: 0G
[    2.513938]  gran_size: 512K 	chunk_size: 64M 	num_reg: 8  	lose cover RAM: 0G
[    2.563533]  gran_size: 512K 	chunk_size: 128M 	num_reg: 8  	lose cover RAM: 0G
[    2.612166]  gran_size: 512K 	chunk_size: 256M 	num_reg: 8  	lose cover RAM: 0G
[    2.660915]  gran_size: 512K 	chunk_size: 512M 	num_reg: 8  	lose cover RAM: 0G
[    2.709874]  gran_size: 512K 	chunk_size: 1G 	num_reg: 8  	lose cover RAM: 0G
[    2.759807]  gran_size: 512K 	chunk_size: 2G 	num_reg: 8  	lose cover RAM: 0G
[    2.808823]  gran_size: 1M 	chunk_size: 1M 	num_reg: 8  	lose cover RAM: 0G
[    2.833799]  gran_size: 1M 	chunk_size: 2M 	num_reg: 8  	lose cover RAM: 0G
[    2.858667]  gran_size: 1M 	chunk_size: 4M 	num_reg: 8  	lose cover RAM: 0G
[    2.883851]  gran_size: 1M 	chunk_size: 8M 	num_reg: 8  	lose cover RAM: 0G
[    2.909078]  gran_size: 1M 	chunk_size: 16M 	num_reg: 8  	lose cover RAM: 0G
[    2.934071]  gran_size: 1M 	chunk_size: 32M 	num_reg: 8  	lose cover RAM: 0G
[    2.958588]  gran_size: 1M 	chunk_size: 64M 	num_reg: 8  	lose cover RAM: 0G
[    2.983217]  gran_size: 1M 	chunk_size: 128M 	num_reg: 8  	lose cover RAM: 0G
[    3.033447]  gran_size: 1M 	chunk_size: 256M 	num_reg: 8  	lose cover RAM: 0G
[    3.082954]  gran_size: 1M 	chunk_size: 512M 	num_reg: 8  	lose cover RAM: 0G
[    3.132971]  gran_size: 1M 	chunk_size: 1G 	num_reg: 8  	lose cover RAM: 0G
[    3.157786]  gran_size: 1M 	chunk_size: 2G 	num_reg: 8  	lose cover RAM: 0G
[    3.182621]  gran_size: 2M 	chunk_size: 2M 	num_reg: 8  	lose cover RAM: 0G
[    3.207498]  gran_size: 2M 	chunk_size: 4M 	num_reg: 8  	lose cover RAM: 0G
[    3.233609]  gran_size: 2M 	chunk_size: 8M 	num_reg: 8  	lose cover RAM: 0G
[    3.258027]  gran_size: 2M 	chunk_size: 16M 	num_reg: 8  	lose cover RAM: 0G
[    3.282514]  gran_size: 2M 	chunk_size: 32M 	num_reg: 8  	lose cover RAM: 0G
[    3.307380]  gran_size: 2M 	chunk_size: 64M 	num_reg: 8  	lose cover RAM: 0G
[    3.332390]  gran_size: 2M 	chunk_size: 128M 	num_reg: 8  	lose cover RAM: 0G
[    3.381403]  gran_size: 2M 	chunk_size: 256M 	num_reg: 8  	lose cover RAM: 0G
[    3.430719]  gran_size: 2M 	chunk_size: 512M 	num_reg: 8  	lose cover RAM: 0G
[    3.479666]  gran_size: 2M 	chunk_size: 1G 	num_reg: 8  	lose cover RAM: 0G
[    3.504109]  gran_size: 2M 	chunk_size: 2G 	num_reg: 8  	lose cover RAM: 0G
[    3.528844]  gran_size: 4M 	chunk_size: 4M 	num_reg: 8  	lose cover RAM: 0G
[    3.554881]  gran_size: 4M 	chunk_size: 8M 	num_reg: 8  	lose cover RAM: 0G
[    3.580590]  gran_size: 4M 	chunk_size: 16M 	num_reg: 8  	lose cover RAM: 0G
[    3.605620]  gran_size: 4M 	chunk_size: 32M 	num_reg: 8  	lose cover RAM: 0G
[    3.631447]  gran_size: 4M 	chunk_size: 64M 	num_reg: 8  	lose cover RAM: 0G
[    3.656032]  gran_size: 4M 	chunk_size: 128M 	num_reg: 8  	lose cover RAM: 0G
[    3.704556]  gran_size: 4M 	chunk_size: 256M 	num_reg: 8  	lose cover RAM: 0G
[    3.757001]  gran_size: 4M 	chunk_size: 512M 	num_reg: 8  	lose cover RAM: 0G
[    3.806743]  gran_size: 4M 	chunk_size: 1G 	num_reg: 8  	lose cover RAM: 0G
[    3.831640]  gran_size: 4M 	chunk_size: 2G 	num_reg: 8  	lose cover RAM: 0G
[    3.856646]  gran_size: 8M 	chunk_size: 8M 	num_reg: 8  	lose cover RAM: 0G
[    3.881622]  gran_size: 8M 	chunk_size: 16M 	num_reg: 8  	lose cover RAM: 0G
[    3.907458]  gran_size: 8M 	chunk_size: 32M 	num_reg: 8  	lose cover RAM: 0G
[    3.932552]  gran_size: 8M 	chunk_size: 64M 	num_reg: 8  	lose cover RAM: 0G
[    3.957943]  gran_size: 8M 	chunk_size: 128M 	num_reg: 8  	lose cover RAM: 0G
[    4.007207]  gran_size: 8M 	chunk_size: 256M 	num_reg: 8  	lose cover RAM: 0G
[    4.059090]  gran_size: 8M 	chunk_size: 512M 	num_reg: 8  	lose cover RAM: 0G
[    4.109306]  gran_size: 8M 	chunk_size: 1G 	num_reg: 8  	lose cover RAM: 0G
[    4.133965]  gran_size: 8M 	chunk_size: 2G 	num_reg: 8  	lose cover RAM: 0G
[    4.158541]  gran_size: 16M 	chunk_size: 16M 	num_reg: 8  	lose cover RAM: 0G
[    4.212052]  gran_size: 16M 	chunk_size: 32M 	num_reg: 8  	lose cover RAM: 0G
[    4.260640]  gran_size: 16M 	chunk_size: 64M 	num_reg: 8  	lose cover RAM: 0G
[    4.310517]  gran_size: 16M 	chunk_size: 128M 	num_reg: 8  	lose cover RAM: 0G
[    4.360890]  gran_size: 16M 	chunk_size: 256M 	num_reg: 8  	lose cover RAM: 0G
[    4.412122]  gran_size: 16M 	chunk_size: 512M 	num_reg: 8  	lose cover RAM: 0G
[    4.461159]  gran_size: 16M 	chunk_size: 1G 	num_reg: 8  	lose cover RAM: 0G
[    4.485719]  gran_size: 16M 	chunk_size: 2G 	num_reg: 8  	lose cover RAM: 0G
[    4.510415]  gran_size: 32M 	chunk_size: 32M 	num_reg: 8  	lose cover RAM: 0G
[    4.559704]  gran_size: 32M 	chunk_size: 64M 	num_reg: 8  	lose cover RAM: 0G
[    4.609981]  gran_size: 32M 	chunk_size: 128M 	num_reg: 8  	lose cover RAM: 0G
[    4.658790]  gran_size: 32M 	chunk_size: 256M 	num_reg: 8  	lose cover RAM: 0G
[    4.707492]  gran_size: 32M 	chunk_size: 512M 	num_reg: 8  	lose cover RAM: 0G
[    4.756415]  gran_size: 32M 	chunk_size: 1G 	num_reg: 8  	lose cover RAM: 0G
[    4.781449]  gran_size: 32M 	chunk_size: 2G 	num_reg: 8  	lose cover RAM: 0G
[    4.806870]  gran_size: 64M 	chunk_size: 64M 	num_reg: 8  	lose cover RAM: 0G
[    4.855320]  gran_size: 64M 	chunk_size: 128M 	num_reg: 8  	lose cover RAM: 0G
[    4.904508]  gran_size: 64M 	chunk_size: 256M 	num_reg: 8  	lose cover RAM: 0G
[    4.959264]  gran_size: 64M 	chunk_size: 512M 	num_reg: 8  	lose cover RAM: 0G
[    5.017065]  gran_size: 64M 	chunk_size: 1G 	num_reg: 8  	lose cover RAM: 0G
[    5.041814]  gran_size: 64M 	chunk_size: 2G 	num_reg: 8  	lose cover RAM: 0G
[    5.066903]  gran_size: 128M 	chunk_size: 128M 	num_reg: 8  	lose cover RAM: 0G
[    5.115495]  gran_size: 128M 	chunk_size: 256M 	num_reg: 8  	lose cover RAM: 0G
[    5.164751]  gran_size: 128M 	chunk_size: 512M 	num_reg: 8  	lose cover RAM: 0G
[    5.213581]  gran_size: 128M 	chunk_size: 1G 	num_reg: 8  	lose cover RAM: 0G
[    5.262741]  gran_size: 128M 	chunk_size: 2G 	num_reg: 8  	lose cover RAM: 0G
[    5.311740]  gran_size: 256M 	chunk_size: 256M 	num_reg: 8  	lose cover RAM: 0G
[    5.360980]  gran_size: 256M 	chunk_size: 512M 	num_reg: 8  	lose cover RAM: 0G
[    5.410073]  gran_size: 256M 	chunk_size: 1G 	num_reg: 8  	lose cover RAM: 0G
[    5.460190]  gran_size: 256M 	chunk_size: 2G 	num_reg: 8  	lose cover RAM: 0G
[    5.508786]  gran_size: 512M 	chunk_size: 512M 	num_reg: 8  	lose cover RAM: 0G
[    5.557869]  gran_size: 512M 	chunk_size: 1G 	num_reg: 8  	lose cover RAM: 0G
[    5.607400]  gran_size: 512M 	chunk_size: 2G 	num_reg: 8  	lose cover RAM: 0G
[    5.655946]  gran_size: 1G 	chunk_size: 1G 	num_reg: 8  	lose cover RAM: 0G
[    5.683531]  gran_size: 1G 	chunk_size: 2G 	num_reg: 8  	lose cover RAM: 0G
[    5.708517]  gran_size: 2G 	chunk_size: 2G 	num_reg: 7  	lose cover RAM: 1G
[    5.734845] mtrr_cleanup: can not find optimal value
[    5.759573] please specify mtrr_gran_size/mtrr_chunk_size
[    5.786538] MTRR map: 8 entries (5 fixed + 3 variable; max 21), built from 8 variable MTRRs
[    5.845448] x86/PAT: Configuration [0-7]: WB  WC  UC- UC  WB  WP  UC- WT  
[    5.872911] e820: update [mem 0xc0000000-0xffffffff] usable ==> reserved
[    5.872920] last_pfn = 0xc0000 max_arch_pfn = 0x400000000
[    5.900708] found SMP MP-table at [mem 0x000f6a70-0x000f6a7f]
[    5.926520] Using GB pages for direct mapping
[    5.951139] RAMDISK: [mem 0x33aff000-0x35d76fff]
[    5.975747] ACPI: Early table checksum verification disabled
[    6.000597] ACPI: RSDP 0x00000000000F6A00 000024 (v02 PTLTD )
[    6.026675] ACPI: XSDT 0x00000000BFEDB633 00005C (v01 INTEL  440BX    06040000 VMW  01324272)
[    6.076716] ACPI: FACP 0x00000000BFEFEE73 0000F4 (v04 INTEL  440BX    06040000 PTL  000F4240)
[    6.126473] ACPI: DSDT 0x00000000BFEDD001 021E72 (v01 PTLTD  Custom   06040000 MSFT 03000001)
[    6.177386] ACPI: FACS 0x00000000BFEFFFC0 000040
[    6.203331] ACPI: FACS 0x00000000BFEFFFC0 000040
[    6.227787] ACPI: BOOT 0x00000000BFEDCFB4 000028 (v01 PTLTD  $SBFTBL$ 06040000  LTP 00000001)
[    6.277638] ACPI: APIC 0x00000000BFEDC872 000742 (v01 PTLTD  ? APIC   06040000  LTP 00000000)
[    6.327892] ACPI: MCFG 0x00000000BFEDC836 00003C (v01 PTLTD  $PCITBL$ 06040000  LTP 00000001)
[    6.377079] ACPI: SRAT 0x00000000BFEDB72F 0008D0 (v02 VMWARE MEMPLUG  06040000 VMW  00000001)
[    6.428261] ACPI: HPET 0x00000000BFEDB6F7 000038 (v01 VMWARE VMW HPET 06040000 VMW  00000001)
[    6.477822] ACPI: WAET 0x00000000BFEDB6CF 000028 (v01 VMWARE VMW WAET 06040000 VMW  00000001)
[    6.527146] ACPI: Reserving FACP table memory at [mem 0xbfefee73-0xbfefef66]
[    6.552293] ACPI: Reserving DSDT table memory at [mem 0xbfedd001-0xbfefee72]
[    6.577269] ACPI: Reserving FACS table memory at [mem 0xbfefffc0-0xbfefffff]
[    6.603102] ACPI: Reserving FACS table memory at [mem 0xbfefffc0-0xbfefffff]
[    6.630237] ACPI: Reserving BOOT table memory at [mem 0xbfedcfb4-0xbfedcfdb]
[    6.655211] ACPI: Reserving APIC table memory at [mem 0xbfedc872-0xbfedcfb3]
[    6.680424] ACPI: Reserving MCFG table memory at [mem 0xbfedc836-0xbfedc871]
[    6.705657] ACPI: Reserving SRAT table memory at [mem 0xbfedb72f-0xbfedbffe]
[    6.730838] ACPI: Reserving HPET table memory at [mem 0xbfedb6f7-0xbfedb72e]
[    6.755426] ACPI: Reserving WAET table memory at [mem 0xbfedb6cf-0xbfedb6f6]
[    6.780671] system APIC only can use physical flat
[    6.780681] APIC: Switched APIC routing to: physical flat
[    6.805422] SRAT: PXM 0 -> APIC 0x00 -> Node 0
[    6.831007] SRAT: PXM 0 -> APIC 0x01 -> Node 0
[    6.855654] SRAT: PXM 0 -> APIC 0x02 -> Node 0
[    6.880606] SRAT: PXM 0 -> APIC 0x03 -> Node 0
[    6.906571] SRAT: PXM 0 -> APIC 0x04 -> Node 0
[    6.933646] SRAT: PXM 0 -> APIC 0x05 -> Node 0
[    6.959545] SRAT: PXM 0 -> APIC 0x06 -> Node 0
[    6.983778] SRAT: PXM 0 -> APIC 0x07 -> Node 0
[    7.008118] SRAT: PXM 0 -> APIC 0x08 -> Node 0
[    7.032404] SRAT: PXM 0 -> APIC 0x09 -> Node 0
[    7.056806] SRAT: PXM 0 -> APIC 0x0a -> Node 0
[    7.081376] SRAT: PXM 0 -> APIC 0x0b -> Node 0
[    7.105687] SRAT: PXM 0 -> APIC 0x0c -> Node 0
[    7.131181] SRAT: PXM 0 -> APIC 0x0d -> Node 0
[    7.157649] SRAT: PXM 0 -> APIC 0x0e -> Node 0
[    7.182382] SRAT: PXM 0 -> APIC 0x0f -> Node 0
[    7.208722] SRAT: PXM 0 -> APIC 0x10 -> Node 0
[    7.233869] SRAT: PXM 0 -> APIC 0x11 -> Node 0
[    7.258280] SRAT: PXM 0 -> APIC 0x12 -> Node 0
[    7.282740] SRAT: PXM 0 -> APIC 0x13 -> Node 0
[    7.307207] SRAT: PXM 0 -> APIC 0x14 -> Node 0
[    7.331427] SRAT: PXM 0 -> APIC 0x15 -> Node 0
[    7.356277] SRAT: PXM 0 -> APIC 0x16 -> Node 0
[    7.382600] SRAT: PXM 0 -> APIC 0x17 -> Node 0
[    7.407666] SRAT: PXM 0 -> APIC 0x18 -> Node 0
[    7.432140] SRAT: PXM 0 -> APIC 0x19 -> Node 0
[    7.457265] SRAT: PXM 0 -> APIC 0x1a -> Node 0
[    7.481499] SRAT: PXM 0 -> APIC 0x1b -> Node 0
[    7.505816] SRAT: PXM 0 -> APIC 0x1c -> Node 0
[    7.530931] SRAT: PXM 0 -> APIC 0x1d -> Node 0
[    7.555518] SRAT: PXM 0 -> APIC 0x1e -> Node 0
[    7.580098] SRAT: PXM 0 -> APIC 0x1f -> Node 0
[    7.604557] SRAT: PXM 0 -> APIC 0x20 -> Node 0
[    7.630068] SRAT: PXM 0 -> APIC 0x21 -> Node 0
[    7.654661] SRAT: PXM 0 -> APIC 0x22 -> Node 0
[    7.678973] SRAT: PXM 0 -> APIC 0x23 -> Node 0
[    7.704168] SRAT: PXM 0 -> APIC 0x24 -> Node 0
[    7.729131] SRAT: PXM 0 -> APIC 0x25 -> Node 0
[    7.753562] SRAT: PXM 0 -> APIC 0x26 -> Node 0
[    7.777826] SRAT: PXM 0 -> APIC 0x27 -> Node 0
[    7.802218] SRAT: PXM 0 -> APIC 0x28 -> Node 0
[    7.827109] SRAT: PXM 0 -> APIC 0x29 -> Node 0
[    7.854298] SRAT: PXM 0 -> APIC 0x2a -> Node 0
[    7.879621] SRAT: PXM 0 -> APIC 0x2b -> Node 0
[    7.904799] SRAT: PXM 0 -> APIC 0x2c -> Node 0
[    7.929707] SRAT: PXM 0 -> APIC 0x2d -> Node 0
[    7.954323] SRAT: PXM 0 -> APIC 0x2e -> Node 0
[    7.979036] SRAT: PXM 0 -> APIC 0x2f -> Node 0
[    8.003264] SRAT: PXM 0 -> APIC 0x30 -> Node 0
[    8.027722] SRAT: PXM 0 -> APIC 0x31 -> Node 0
[    8.052325] SRAT: PXM 0 -> APIC 0x32 -> Node 0
[    8.077176] SRAT: PXM 0 -> APIC 0x33 -> Node 0
[    8.102079] SRAT: PXM 0 -> APIC 0x34 -> Node 0
[    8.127269] SRAT: PXM 0 -> APIC 0x35 -> Node 0
[    8.151907] SRAT: PXM 0 -> APIC 0x36 -> Node 0
[    8.177235] SRAT: PXM 0 -> APIC 0x37 -> Node 0
[    8.203197] SRAT: PXM 0 -> APIC 0x38 -> Node 0
[    8.228858] SRAT: PXM 0 -> APIC 0x39 -> Node 0
[    8.254639] SRAT: PXM 0 -> APIC 0x3a -> Node 0
[    8.280465] SRAT: PXM 0 -> APIC 0x3b -> Node 0
[    8.306063] SRAT: PXM 0 -> APIC 0x3c -> Node 0
[    8.330896] SRAT: PXM 0 -> APIC 0x3d -> Node 0
[    8.355893] SRAT: PXM 0 -> APIC 0x3e -> Node 0
[    8.380577] SRAT: PXM 0 -> APIC 0x3f -> Node 0
[    8.405577] SRAT: PXM 0 -> APIC 0x40 -> Node 0
[    8.430167] SRAT: PXM 0 -> APIC 0x41 -> Node 0
[    8.454826] SRAT: PXM 0 -> APIC 0x42 -> Node 0
[    8.479104] SRAT: PXM 0 -> APIC 0x43 -> Node 0
[    8.503443] SRAT: PXM 0 -> APIC 0x44 -> Node 0
[    8.527904] SRAT: PXM 0 -> APIC 0x45 -> Node 0
[    8.552341] SRAT: PXM 0 -> APIC 0x46 -> Node 0
[    8.576894] SRAT: PXM 0 -> APIC 0x47 -> Node 0
[    8.601527] SRAT: PXM 0 -> APIC 0x48 -> Node 0
[    8.626517] SRAT: PXM 0 -> APIC 0x49 -> Node 0
[    8.651930] SRAT: PXM 0 -> APIC 0x4a -> Node 0
[    8.676848] SRAT: PXM 0 -> APIC 0x4b -> Node 0
[    8.701501] SRAT: PXM 0 -> APIC 0x4c -> Node 0
[    8.726169] SRAT: PXM 0 -> APIC 0x4d -> Node 0
[    8.750848] SRAT: PXM 0 -> APIC 0x4e -> Node 0
[    8.775546] SRAT: PXM 0 -> APIC 0x4f -> Node 0
[    8.801216] SRAT: PXM 0 -> APIC 0x50 -> Node 0
[    8.825892] SRAT: PXM 0 -> APIC 0x51 -> Node 0
[    8.850647] SRAT: PXM 0 -> APIC 0x52 -> Node 0
[    8.875846] SRAT: PXM 0 -> APIC 0x53 -> Node 0
[    8.901062] SRAT: PXM 0 -> APIC 0x54 -> Node 0
[    8.926248] SRAT: PXM 0 -> APIC 0x55 -> Node 0
[    8.950893] SRAT: PXM 0 -> APIC 0x56 -> Node 0
[    8.975234] SRAT: PXM 0 -> APIC 0x57 -> Node 0
[    8.999718] SRAT: PXM 0 -> APIC 0x58 -> Node 0
[    9.024261] SRAT: PXM 0 -> APIC 0x59 -> Node 0
[    9.048738] SRAT: PXM 0 -> APIC 0x5a -> Node 0
[    9.073550] SRAT: PXM 0 -> APIC 0x5b -> Node 0
[    9.098134] SRAT: PXM 0 -> APIC 0x5c -> Node 0
[    9.122721] SRAT: PXM 0 -> APIC 0x5d -> Node 0
[    9.147530] SRAT: PXM 0 -> APIC 0x5e -> Node 0
[    9.172661] SRAT: PXM 0 -> APIC 0x5f -> Node 0
[    9.197966] SRAT: PXM 0 -> APIC 0x60 -> Node 0
[    9.222831] SRAT: PXM 0 -> APIC 0x61 -> Node 0
[    9.247736] SRAT: PXM 0 -> APIC 0x62 -> Node 0
[    9.272259] SRAT: PXM 0 -> APIC 0x63 -> Node 0
[    9.296774] SRAT: PXM 0 -> APIC 0x64 -> Node 0
[    9.321309] SRAT: PXM 0 -> APIC 0x65 -> Node 0
[    9.346606] SRAT: PXM 0 -> APIC 0x66 -> Node 0
[    9.371340] SRAT: PXM 0 -> APIC 0x67 -> Node 0
[    9.396042] SRAT: PXM 0 -> APIC 0x68 -> Node 0
[    9.420224] SRAT: PXM 0 -> APIC 0x69 -> Node 0
[    9.444421] SRAT: PXM 0 -> APIC 0x6a -> Node 0
[    9.468781] SRAT: PXM 0 -> APIC 0x6b -> Node 0
[    9.493094] SRAT: PXM 0 -> APIC 0x6c -> Node 0
[    9.517974] SRAT: PXM 0 -> APIC 0x6d -> Node 0
[    9.542573] SRAT: PXM 0 -> APIC 0x6e -> Node 0
[    9.568648] SRAT: PXM 0 -> APIC 0x6f -> Node 0
[    9.593613] SRAT: PXM 0 -> APIC 0x70 -> Node 0
[    9.619130] SRAT: PXM 0 -> APIC 0x71 -> Node 0
[    9.644449] SRAT: PXM 0 -> APIC 0x72 -> Node 0
[    9.669379] SRAT: PXM 0 -> APIC 0x73 -> Node 0
[    9.694146] SRAT: PXM 0 -> APIC 0x74 -> Node 0
[    9.719673] SRAT: PXM 0 -> APIC 0x75 -> Node 0
[    9.744926] SRAT: PXM 0 -> APIC 0x76 -> Node 0
[    9.769298] SRAT: PXM 0 -> APIC 0x77 -> Node 0
[    9.793783] SRAT: PXM 0 -> APIC 0x78 -> Node 0
[    9.819262] SRAT: PXM 0 -> APIC 0x79 -> Node 0
[    9.844570] SRAT: PXM 0 -> APIC 0x7a -> Node 0
[    9.869627] SRAT: PXM 0 -> APIC 0x7b -> Node 0
[    9.895468] SRAT: PXM 0 -> APIC 0x7c -> Node 0
[    9.922242] SRAT: PXM 0 -> APIC 0x7d -> Node 0
[    9.947669] SRAT: PXM 0 -> APIC 0x7e -> Node 0
[    9.972122] SRAT: PXM 0 -> APIC 0x7f -> Node 0
[    9.996289] ACPI: SRAT: Node 0 PXM 0 [mem 0x00000000-0x0009ffff]
[   10.021012] ACPI: SRAT: Node 0 PXM 0 [mem 0x00100000-0xbfffffff]
[   10.045363] ACPI: SRAT: Node 0 PXM 0 [mem 0x100000000-0x23fffffff]
[   10.071048] ACPI: SRAT: Node 0 PXM 0 [mem 0x240000000-0x203fffffff] hotplug
[   10.096564] NUMA: Node 0 [mem 0x00000000-0x0009ffff] + [mem 0x00100000-0xbfffffff] -> [mem 0x00000000-0xbfffffff]
[   10.147406] NUMA: Node 0 [mem 0x00000000-0xbfffffff] + [mem 0x100000000-0x23fffffff] -> [mem 0x00000000-0x23fffffff]
[   10.197226] NODE_DATA(0) allocated [mem 0x23ffd3000-0x23fffdfff]
[   10.223581] Zone ranges:
[   10.247600]   DMA      [mem 0x0000000000001000-0x0000000000ffffff]
[   10.272774]   DMA32    [mem 0x0000000001000000-0x00000000ffffffff]
[   10.298310]   Normal   [mem 0x0000000100000000-0x000000023fffffff]
[   10.323033]   Device   empty
[   10.347271] Movable zone start for each node
[   10.371769] Early memory node ranges
[   10.396156]   node   0: [mem 0x0000000000001000-0x000000000009dfff]
[   10.420935]   node   0: [mem 0x0000000000100000-0x00000000bfecffff]
[   10.446228]   node   0: [mem 0x00000000bff00000-0x00000000bfffffff]
[   10.471412]   node   0: [mem 0x0000000100000000-0x000000023fffffff]
[   10.496080] Initmem setup node 0 [mem 0x0000000000001000-0x000000023fffffff]
[   10.521177] On node 0, zone DMA: 1 pages in unavailable ranges
[   10.522198] On node 0, zone DMA: 98 pages in unavailable ranges
[   10.771121] On node 0, zone DMA32: 48 pages in unavailable ranges
[   11.179769] ACPI: PM-Timer IO Port: 0x1008
[   11.229486] system APIC only can use physical flat
[   11.229497] ACPI: LAPIC_NMI (acpi_id[0x00] high edge lint[0x1])
[   11.254144] ACPI: LAPIC_NMI (acpi_id[0x01] high edge lint[0x1])
[   11.278550] ACPI: LAPIC_NMI (acpi_id[0x02] high edge lint[0x1])
[   11.303213] ACPI: LAPIC_NMI (acpi_id[0x03] high edge lint[0x1])
[   11.327944] ACPI: LAPIC_NMI (acpi_id[0x04] high edge lint[0x1])
[   11.352671] ACPI: LAPIC_NMI (acpi_id[0x05] high edge lint[0x1])
[   11.378525] ACPI: LAPIC_NMI (acpi_id[0x06] high edge lint[0x1])
[   11.403041] ACPI: LAPIC_NMI (acpi_id[0x07] high edge lint[0x1])
[   11.428062] ACPI: LAPIC_NMI (acpi_id[0x08] high edge lint[0x1])
[   11.453282] ACPI: LAPIC_NMI (acpi_id[0x09] high edge lint[0x1])
[   11.478316] ACPI: LAPIC_NMI (acpi_id[0x0a] high edge lint[0x1])
[   11.502838] ACPI: LAPIC_NMI (acpi_id[0x0b] high edge lint[0x1])
[   11.528098] ACPI: LAPIC_NMI (acpi_id[0x0c] high edge lint[0x1])
[   11.553751] ACPI: LAPIC_NMI (acpi_id[0x0d] high edge lint[0x1])
[   11.580427] ACPI: LAPIC_NMI (acpi_id[0x0e] high edge lint[0x1])
[   11.605546] ACPI: LAPIC_NMI (acpi_id[0x0f] high edge lint[0x1])
[   11.630225] ACPI: LAPIC_NMI (acpi_id[0x10] high edge lint[0x1])
[   11.655310] ACPI: LAPIC_NMI (acpi_id[0x11] high edge lint[0x1])
[   11.681172] ACPI: LAPIC_NMI (acpi_id[0x12] high edge lint[0x1])
[   11.706038] ACPI: LAPIC_NMI (acpi_id[0x13] high edge lint[0x1])
[   11.730946] ACPI: LAPIC_NMI (acpi_id[0x14] high edge lint[0x1])
[   11.755626] ACPI: LAPIC_NMI (acpi_id[0x15] high edge lint[0x1])
[   11.780285] ACPI: LAPIC_NMI (acpi_id[0x16] high edge lint[0x1])
[   11.805004] ACPI: LAPIC_NMI (acpi_id[0x17] high edge lint[0x1])
[   11.829504] ACPI: LAPIC_NMI (acpi_id[0x18] high edge lint[0x1])
[   11.854019] ACPI: LAPIC_NMI (acpi_id[0x19] high edge lint[0x1])
[   11.879449] ACPI: LAPIC_NMI (acpi_id[0x1a] high edge lint[0x1])
[   11.904750] ACPI: LAPIC_NMI (acpi_id[0x1b] high edge lint[0x1])
[   11.929781] ACPI: LAPIC_NMI (acpi_id[0x1c] high edge lint[0x1])
[   11.955063] ACPI: LAPIC_NMI (acpi_id[0x1d] high edge lint[0x1])
[   11.979836] ACPI: LAPIC_NMI (acpi_id[0x1e] high edge lint[0x1])
[   12.004261] ACPI: LAPIC_NMI (acpi_id[0x1f] high edge lint[0x1])
[   12.028817] ACPI: LAPIC_NMI (acpi_id[0x20] high edge lint[0x1])
[   12.053789] ACPI: LAPIC_NMI (acpi_id[0x21] high edge lint[0x1])
[   12.080258] ACPI: LAPIC_NMI (acpi_id[0x22] high edge lint[0x1])
[   12.105445] ACPI: LAPIC_NMI (acpi_id[0x23] high edge lint[0x1])
[   12.130302] ACPI: LAPIC_NMI (acpi_id[0x24] high edge lint[0x1])
[   12.155128] ACPI: LAPIC_NMI (acpi_id[0x25] high edge lint[0x1])
[   12.180778] ACPI: LAPIC_NMI (acpi_id[0x26] high edge lint[0x1])
[   12.206676] ACPI: LAPIC_NMI (acpi_id[0x27] high edge lint[0x1])
[   12.231422] ACPI: LAPIC_NMI (acpi_id[0x28] high edge lint[0x1])
[   12.257720] ACPI: LAPIC_NMI (acpi_id[0x29] high edge lint[0x1])
[   12.282672] ACPI: LAPIC_NMI (acpi_id[0x2a] high edge lint[0x1])
[   12.307469] ACPI: LAPIC_NMI (acpi_id[0x2b] high edge lint[0x1])
[   12.333126] ACPI: LAPIC_NMI (acpi_id[0x2c] high edge lint[0x1])
[   12.358499] ACPI: LAPIC_NMI (acpi_id[0x2d] high edge lint[0x1])
[   12.383490] ACPI: LAPIC_NMI (acpi_id[0x2e] high edge lint[0x1])
[   12.408463] ACPI: LAPIC_NMI (acpi_id[0x2f] high edge lint[0x1])
[   12.434263] ACPI: LAPIC_NMI (acpi_id[0x30] high edge lint[0x1])
[   12.459524] ACPI: LAPIC_NMI (acpi_id[0x31] high edge lint[0x1])
[   12.484363] ACPI: LAPIC_NMI (acpi_id[0x32] high edge lint[0x1])
[   12.509082] ACPI: LAPIC_NMI (acpi_id[0x33] high edge lint[0x1])
[   12.533898] ACPI: LAPIC_NMI (acpi_id[0x34] high edge lint[0x1])
[   12.558836] ACPI: LAPIC_NMI (acpi_id[0x35] high edge lint[0x1])
[   12.583776] ACPI: LAPIC_NMI (acpi_id[0x36] high edge lint[0x1])
[   12.608630] ACPI: LAPIC_NMI (acpi_id[0x37] high edge lint[0x1])
[   12.633220] ACPI: LAPIC_NMI (acpi_id[0x38] high edge lint[0x1])
[   12.659557] ACPI: LAPIC_NMI (acpi_id[0x39] high edge lint[0x1])
[   12.686426] ACPI: LAPIC_NMI (acpi_id[0x3a] high edge lint[0x1])
[   12.712438] ACPI: LAPIC_NMI (acpi_id[0x3b] high edge lint[0x1])
[   12.737196] ACPI: LAPIC_NMI (acpi_id[0x3c] high edge lint[0x1])
[   12.761963] ACPI: LAPIC_NMI (acpi_id[0x3d] high edge lint[0x1])
[   12.786805] ACPI: LAPIC_NMI (acpi_id[0x3e] high edge lint[0x1])
[   12.812311] ACPI: LAPIC_NMI (acpi_id[0x3f] high edge lint[0x1])
[   12.837499] ACPI: LAPIC_NMI (acpi_id[0x40] high edge lint[0x1])
[   12.846835] ACPI: LAPIC_NMI (acpi_id[0x41] high edge lint[0x1])
[   12.887914] ACPI: LAPIC_NMI (acpi_id[0x42] high edge lint[0x1])
[   12.915324] ACPI: LAPIC_NMI (acpi_id[0x43] high edge lint[0x1])
[   12.940950] ACPI: LAPIC_NMI (acpi_id[0x44] high edge lint[0x1])
[   12.965750] ACPI: LAPIC_NMI (acpi_id[0x45] high edge lint[0x1])
[   12.990706] ACPI: LAPIC_NMI (acpi_id[0x46] high edge lint[0x1])
[   13.016482] ACPI: LAPIC_NMI (acpi_id[0x47] high edge lint[0x1])
[   13.041570] ACPI: LAPIC_NMI (acpi_id[0x48] high edge lint[0x1])
[   13.067261] ACPI: LAPIC_NMI (acpi_id[0x49] high edge lint[0x1])
[   13.092306] ACPI: LAPIC_NMI (acpi_id[0x4a] high edge lint[0x1])
[   13.116945] ACPI: LAPIC_NMI (acpi_id[0x4b] high edge lint[0x1])
[   13.141886] ACPI: LAPIC_NMI (acpi_id[0x4c] high edge lint[0x1])
[   13.166405] ACPI: LAPIC_NMI (acpi_id[0x4d] high edge lint[0x1])
[   13.191819] ACPI: LAPIC_NMI (acpi_id[0x4e] high edge lint[0x1])
[   13.216897] ACPI: LAPIC_NMI (acpi_id[0x4f] high edge lint[0x1])
[   13.241800] ACPI: LAPIC_NMI (acpi_id[0x50] high edge lint[0x1])
[   13.267494] ACPI: LAPIC_NMI (acpi_id[0x51] high edge lint[0x1])
[   13.293209] ACPI: LAPIC_NMI (acpi_id[0x52] high edge lint[0x1])
[   13.319333] ACPI: LAPIC_NMI (acpi_id[0x53] high edge lint[0x1])
[   13.344131] ACPI: LAPIC_NMI (acpi_id[0x54] high edge lint[0x1])
[   13.368954] ACPI: LAPIC_NMI (acpi_id[0x55] high edge lint[0x1])
[   13.393638] ACPI: LAPIC_NMI (acpi_id[0x56] high edge lint[0x1])
[   13.418562] ACPI: LAPIC_NMI (acpi_id[0x57] high edge lint[0x1])
[   13.443791] ACPI: LAPIC_NMI (acpi_id[0x58] high edge lint[0x1])
[   13.468929] ACPI: LAPIC_NMI (acpi_id[0x59] high edge lint[0x1])
[   13.494537] ACPI: LAPIC_NMI (acpi_id[0x5a] high edge lint[0x1])
[   13.519554] ACPI: LAPIC_NMI (acpi_id[0x5b] high edge lint[0x1])
[   13.544181] ACPI: LAPIC_NMI (acpi_id[0x5c] high edge lint[0x1])
[   13.568827] ACPI: LAPIC_NMI (acpi_id[0x5d] high edge lint[0x1])
[   13.593721] ACPI: LAPIC_NMI (acpi_id[0x5e] high edge lint[0x1])
[   13.619019] ACPI: LAPIC_NMI (acpi_id[0x5f] high edge lint[0x1])
[   13.643302] ACPI: LAPIC_NMI (acpi_id[0x60] high edge lint[0x1])
[   13.667657] ACPI: LAPIC_NMI (acpi_id[0x61] high edge lint[0x1])
[   13.694049] ACPI: LAPIC_NMI (acpi_id[0x62] high edge lint[0x1])
[   13.719018] ACPI: LAPIC_NMI (acpi_id[0x63] high edge lint[0x1])
[   13.745843] ACPI: LAPIC_NMI (acpi_id[0x64] high edge lint[0x1])
[   13.770611] ACPI: LAPIC_NMI (acpi_id[0x65] high edge lint[0x1])
[   13.794971] ACPI: LAPIC_NMI (acpi_id[0x66] high edge lint[0x1])
[   13.819972] ACPI: LAPIC_NMI (acpi_id[0x67] high edge lint[0x1])
[   13.845099] ACPI: LAPIC_NMI (acpi_id[0x68] high edge lint[0x1])
[   13.869444] ACPI: LAPIC_NMI (acpi_id[0x69] high edge lint[0x1])
[   13.894852] ACPI: LAPIC_NMI (acpi_id[0x6a] high edge lint[0x1])
[   13.919703] ACPI: LAPIC_NMI (acpi_id[0x6b] high edge lint[0x1])
[   13.944731] ACPI: LAPIC_NMI (acpi_id[0x6c] high edge lint[0x1])
[   13.969149] ACPI: LAPIC_NMI (acpi_id[0x6d] high edge lint[0x1])
[   13.993493] ACPI: LAPIC_NMI (acpi_id[0x6e] high edge lint[0x1])
[   14.018068] ACPI: LAPIC_NMI (acpi_id[0x6f] high edge lint[0x1])
[   14.042612] ACPI: LAPIC_NMI (acpi_id[0x70] high edge lint[0x1])
[   14.068920] ACPI: LAPIC_NMI (acpi_id[0x71] high edge lint[0x1])
[   14.096782] ACPI: LAPIC_NMI (acpi_id[0x72] high edge lint[0x1])
[   14.122189] ACPI: LAPIC_NMI (acpi_id[0x73] high edge lint[0x1])
[   14.146679] ACPI: LAPIC_NMI (acpi_id[0x74] high edge lint[0x1])
[   14.171455] ACPI: LAPIC_NMI (acpi_id[0x75] high edge lint[0x1])
[   14.196176] ACPI: LAPIC_NMI (acpi_id[0x76] high edge lint[0x1])
[   14.221004] ACPI: LAPIC_NMI (acpi_id[0x77] high edge lint[0x1])
[   14.245358] ACPI: LAPIC_NMI (acpi_id[0x78] high edge lint[0x1])
[   14.270155] ACPI: LAPIC_NMI (acpi_id[0x79] high edge lint[0x1])
[   14.295382] ACPI: LAPIC_NMI (acpi_id[0x7a] high edge lint[0x1])
[   14.322926] ACPI: LAPIC_NMI (acpi_id[0x7b] high edge lint[0x1])
[   14.348135] ACPI: LAPIC_NMI (acpi_id[0x7c] high edge lint[0x1])
[   14.373210] ACPI: LAPIC_NMI (acpi_id[0x7d] high edge lint[0x1])
[   14.397950] ACPI: LAPIC_NMI (acpi_id[0x7e] high edge lint[0x1])
[   14.422666] ACPI: LAPIC_NMI (acpi_id[0x7f] high edge lint[0x1])
[   14.448102] IOAPIC[0]: apic_id 128, version 32, address 0xfec00000, GSI 0-23
[   14.473556] ACPI: INT_SRC_OVR (bus 0 bus_irq 0 global_irq 2 high edge)
[   14.498671] ACPI: Using ACPI (MADT) for SMP configuration information
[   14.523740] ACPI: HPET id: 0x8086af01 base: 0xfed00000
[   14.548648] smpboot: Allowing 128 CPUs, 120 hotplug CPUs
[   14.574613] PM: hibernation: Registered nosave memory: [mem 0x00000000-0x00000fff]
[   14.624694] PM: hibernation: Registered nosave memory: [mem 0x0009e000-0x0009efff]
[   14.675535] PM: hibernation: Registered nosave memory: [mem 0x0009f000-0x0009ffff]
[   14.729434] PM: hibernation: Registered nosave memory: [mem 0x000a0000-0x000dbfff]
[   14.778445] PM: hibernation: Registered nosave memory: [mem 0x000dc000-0x000fffff]
[   14.827624] PM: hibernation: Registered nosave memory: [mem 0xbfed0000-0xbfefefff]
[   14.878473] PM: hibernation: Registered nosave memory: [mem 0xbfeff000-0xbfefffff]
[   14.938895] PM: hibernation: Registered nosave memory: [mem 0xc0000000-0xefffffff]
[   14.992680] PM: hibernation: Registered nosave memory: [mem 0xf0000000-0xf7ffffff]
[   15.044424] PM: hibernation: Registered nosave memory: [mem 0xf8000000-0xfebfffff]
[   15.094072] PM: hibernation: Registered nosave memory: [mem 0xfec00000-0xfec0ffff]
[   15.143095] PM: hibernation: Registered nosave memory: [mem 0xfec10000-0xfedfffff]
[   15.192341] PM: hibernation: Registered nosave memory: [mem 0xfee00000-0xfee00fff]
[   15.242755] PM: hibernation: Registered nosave memory: [mem 0xfee01000-0xfffdffff]
[   15.291087] PM: hibernation: Registered nosave memory: [mem 0xfffe0000-0xffffffff]
[   15.342305] [mem 0xc0000000-0xefffffff] available for PCI devices
[   15.368003] Booting paravirtualized kernel on VMware hypervisor
[   15.392988] clocksource: refined-jiffies: mask: 0xffffffff max_cycles: 0xffffffff, max_idle_ns: 1910969940391419 ns
[   15.442670] setup_percpu: NR_CPUS:8192 nr_cpumask_bits:128 nr_cpu_ids:128 nr_node_ids:1
[   15.768933] percpu: Embedded 88 pages/cpu s237568 r8192 d114688 u524288
[   15.793686] pcpu-alloc: s237568 r8192 d114688 u524288 alloc=1*2097152
[   15.793692] pcpu-alloc: [0] 000 001 002 003 [0] 004 005 006 007 
[   15.793695] pcpu-alloc: [0] 008 009 010 011 [0] 012 013 014 015 
[   15.793697] pcpu-alloc: [0] 016 017 018 019 [0] 020 021 022 023 
[   15.793699] pcpu-alloc: [0] 024 025 026 027 [0] 028 029 030 031 
[   15.793700] pcpu-alloc: [0] 032 033 034 035 [0] 036 037 038 039 
[   15.793702] pcpu-alloc: [0] 040 041 042 043 [0] 044 045 046 047 
[   15.793703] pcpu-alloc: [0] 048 049 050 051 [0] 052 053 054 055 
[   15.793705] pcpu-alloc: [0] 056 057 058 059 [0] 060 061 062 063 
[   15.793707] pcpu-alloc: [0] 064 065 066 067 [0] 068 069 070 071 
[   15.793708] pcpu-alloc: [0] 072 073 074 075 [0] 076 077 078 079 
[   15.793710] pcpu-alloc: [0] 080 081 082 083 [0] 084 085 086 087 
[   15.793711] pcpu-alloc: [0] 088 089 090 091 [0] 092 093 094 095 
[   15.793713] pcpu-alloc: [0] 096 097 098 099 [0] 100 101 102 103 
[   15.793715] pcpu-alloc: [0] 104 105 106 107 [0] 108 109 110 111 
[   15.793716] pcpu-alloc: [0] 112 113 114 115 [0] 116 117 118 119 
[   15.793718] pcpu-alloc: [0] 120 121 122 123 [0] 124 125 126 127 
[   15.793798] Kernel command line: BOOT_IMAGE=/boot/vmlinuz-6.6.8-cache-ext+ root=UUID=708c6408-ccb7-4565-8827-652aeee382bc ro lsm=ndlock,lockdown,yama,integrity,apparmor,bpf debug loglevel=7 earlyprintk=vga,keep nokaslr rootdelay=5
[   15.872240] Unknown kernel command line parameters "nokaslr BOOT_IMAGE=/boot/vmlinuz-6.6.8-cache-ext+", will be passed to user space.
[   15.924149] random: crng init done
[   15.949048] printk: log_buf_len individual max cpu contribution: 4096 bytes
[   15.974255] printk: log_buf_len total cpu_extra contributions: 520192 bytes
[   15.999485] printk: log_buf_len min size: 262144 bytes
[   16.043720] printk: log_buf_len: 1048576 bytes
[   16.068246] printk: early log buf free: 227352(86%)
[   16.128765] Dentry cache hash table entries: 1048576 (order: 11, 8388608 bytes, linear)
[   16.194472] Inode-cache hash table entries: 524288 (order: 10, 4194304 bytes, linear)
[   16.244653] Fallback order for Node 0: 0 
[   16.244667] Built 1 zonelists, mobility grouping on.  Total pages: 2064080
[   16.294023] Policy zone: Normal
[   16.318490] mem auto-init: stack:all(zero), heap alloc:on, heap free:off
[   16.343255] software IO TLB: area num 128.
[   16.507594] Memory: 8043016K/8388020K available (20480K kernel code, 3648K rwdata, 12704K rodata, 4324K init, 6168K bss, 344748K reserved, 0K cma-reserved)
[   16.558481] SLUB: HWalign=64, Order=0-3, MinObjects=0, CPUs=128, Nodes=1
[   16.583687] ftrace: allocating 52648 entries in 206 pages
[   16.612312] ftrace: allocated 206 pages with 5 groups
[   16.639521] Dynamic Preempt: voluntary
[   16.669453] rcu: Preemptible hierarchical RCU implementation.
[   16.694703] rcu: 	RCU restricting CPUs from NR_CPUS=8192 to nr_cpu_ids=128.
[   16.721399] 	Trampoline variant of Tasks RCU enabled.
[   16.746527] 	Rude variant of Tasks RCU enabled.
[   16.771175] 	Tracing variant of Tasks RCU enabled.
[   16.796135] rcu: RCU calculated value of scheduler-enlistment delay is 100 jiffies.
[   16.846139] rcu: Adjusting geometry for rcu_fanout_leaf=16, nr_cpu_ids=128
[   16.875971] NR_IRQS: 524544, nr_irqs: 1448, preallocated irqs: 16
[   16.902227] rcu: srcu_init: Setting srcu_struct sizes to big.
[   16.956508] Console: colour VGA+ 80x25
[   16.980785] printk: console [tty0] enabled
[   17.563146] ACPI: Core revision 20230628
[   17.590295] clocksource: hpet: mask: 0xffffffff max_cycles: 0xffffffff, max_idle_ns: 133484882848 ns
[   17.641548] APIC: Switch to symmetric I/O mode setup
[   17.668909] x2apic enabled
[   17.695221] APIC: Switched APIC routing to: physical x2apic
[   17.726033] ..TIMER: vector=0x30 apic1=0 pin1=2 apic2=-1 pin2=-1
[   17.752781] clocksource: tsc-early: mask: 0xffffffffffffffff max_cycles: 0x6d8bfb3af03, max_idle_ns: 881590598286 ns
[   17.754115] Calibrating delay loop (skipped) preset value.. 7599.80 BogoMIPS (lpj=3799904)
[   17.759173] x86/cpu: User Mode Instruction Prevention (UMIP) activated
[   17.761254] unchecked MSR access error: RDMSR from 0x852 at rIP: 0xffffffff810b1c42 (native_read_msr+0x2/0x40)
[   17.763254] Call Trace:
[   17.766116]  <TASK>
[   17.768265]  ? show_stack_regs+0x22/0x40
[   17.769254]  ? fixup_exception+0x626/0x670
[   17.771264]  ? gp_try_fixup_and_notify+0x23/0xc0
[   17.772254]  ? exc_general_protection+0xf1/0x210
[   17.774265]  ? __vmap_pages_range_noflush+0x435/0x6e0
[   17.776262]  ? asm_exc_general_protection+0x27/0x30
[   17.778076]  ? native_read_msr+0x2/0x40
[   17.780074]  ? native_apic_msr_read+0x20/0x30
[   17.782088]  setup_APIC_eilvt+0x37/0x140
[   17.784279]  mce_amd_feature_init+0x714/0x7b0
[   17.786273]  ? machine_check_poll+0x32d/0x330
[   17.788080]  __mcheck_cpu_init_vendor+0x8b/0xe0
[   17.790084]  mcheck_cpu_init+0x351/0x470
[   17.792279]  identify_cpu+0x899/0x900
[   17.794267]  identify_boot_cpu+0x10/0xd0
[   17.796261]  arch_cpu_finalize_init+0x9/0x60
[   17.799244]  start_kernel+0x32f/0x400
[   17.801254]  x86_64_start_reservations+0x24/0x30
[   17.803083]  x86_64_start_kernel+0xb3/0x130
[   17.805268]  secondary_startup_64_no_verify+0x17e/0x18b
[   17.809125]  </TASK>
[   17.811260] LVT offset 2 assigned for vector 0xf4
[   17.813254] [Firmware Bug]: cpu 0, try to use APIC520 (LVT offset 2) for vector 0xf4, but the register is already in use for vector 0x0 on this cpu
[   17.815254] Last level iTLB entries: 4KB 64, 2MB 64, 4MB 32
[   17.817254] Last level dTLB entries: 4KB 128, 2MB 128, 4MB 64, 1GB 0
[   17.819254] Spectre V1 : Mitigation: usercopy/swapgs barriers and __user pointer sanitization
[   17.821254] Spectre V2 : Mitigation: Retpolines
[   17.823254] Spectre V2 : Spectre v2 / SpectreRSB mitigation: Filling RSB on context switch
[   17.825085] Spectre V2 : Spectre v2 / SpectreRSB : Filling RSB on VMEXIT
[   17.827254] Spectre V2 : mitigation: Enabling conditional Indirect Branch Prediction Barrier
[   17.829254] Speculative Store Bypass: Vulnerable
[   17.831281] x86/fpu: Supporting XSAVE feature 0x001: 'x87 floating point registers'
[   17.833254] x86/fpu: Supporting XSAVE feature 0x002: 'SSE registers'
[   17.835281] x86/fpu: Supporting XSAVE feature 0x004: 'AVX registers'
[   17.837265] x86/fpu: Supporting XSAVE feature 0x020: 'AVX-512 opmask'
[   17.839254] x86/fpu: Supporting XSAVE feature 0x040: 'AVX-512 Hi256'
[   17.841254] x86/fpu: Supporting XSAVE feature 0x080: 'AVX-512 ZMM_Hi256'
[   17.843254] x86/fpu: xstate_offset[2]:  576, xstate_sizes[2]:  256
[   17.845254] x86/fpu: xstate_offset[5]:  832, xstate_sizes[5]:   64
[   17.847254] x86/fpu: xstate_offset[6]:  896, xstate_sizes[6]:  512
[   17.849266] x86/fpu: xstate_offset[7]: 1408, xstate_sizes[7]: 1024
[   17.852254] x86/fpu: Enabled xstate features 0xe7, context size is 2432 bytes, using 'compacted' format.
[   17.880361] Freeing SMP alternatives memory: 52K
[   17.882074] pid_max: default: 131072 minimum: 1024
[   17.884331] LSM: initializing lsm=lockdown,capability,yama,apparmor,bpf,integrity
[   17.886339] Yama: becoming mindful.
[   17.888204] AppArmor: AppArmor initialized
[   17.891265] LSM support for eBPF active
[   17.894424] Mount-cache hash table entries: 16384 (order: 5, 131072 bytes, linear)
[   17.897420] Mountpoint-cache hash table entries: 16384 (order: 5, 131072 bytes, linear)
[   17.908073] smpboot: CPU0: AMD Ryzen 7 9700X 8-Core Processor (family: 0x1a, model: 0x44, stepping: 0x0)
[   17.913823] RCU Tasks: Setting shift to 7 and lim to 1 rcu_task_cb_adjust=1.
[   17.915523] RCU Tasks Rude: Setting shift to 7 and lim to 1 rcu_task_cb_adjust=1.
[   17.918527] RCU Tasks Trace: Setting shift to 7 and lim to 1 rcu_task_cb_adjust=1.
[   17.921538] Performance Events: AMD PMU driver.
[   17.923121] ... version:                0
[   17.924108] ... bit width:              48
[   17.926110] ... generic registers:      4
[   17.927108] ... value mask:             0000ffffffffffff
[   17.929109] ... max period:             00007fffffffffff
[   17.931108] ... fixed-purpose events:   0
[   17.933107] ... event mask:             000000000000000f
[   17.935533] signal: max sigframe size: 3376
[   17.937827] rcu: Hierarchical SRCU implementation.
[   17.939105] rcu: 	Max phase no-delay instances is 400.
[   17.943894] NMI watchdog: Enabled. Permanently consumes one hw-PMU counter.
[   17.971570] smp: Bringing up secondary CPUs ...
[   17.971573] smpboot: x86: Booting SMP configuration:
[   17.971573] .... node  #0, CPUs:          #1   #2   #3   #4   #5   #6   #7
[    0.818169] [Firmware Bug]: cpu 1, try to use APIC520 (LVT offset 2) for vector 0xf4, but the register is already in use for vector 0x0 on this cpu
[    0.818169] [Firmware Bug]: cpu 2, try to use APIC520 (LVT offset 2) for vector 0xf4, but the register is already in use for vector 0x0 on this cpu
[    0.818169] smpboot: CPU 2 Converting physical 0 to logical die 1
[    0.818169] [Firmware Bug]: cpu 3, try to use APIC520 (LVT offset 2) for vector 0xf4, but the register is already in use for vector 0x0 on this cpu
[    0.818169] [Firmware Bug]: cpu 4, try to use APIC520 (LVT offset 2) for vector 0xf4, but the register is already in use for vector 0x0 on this cpu
[    0.818169] smpboot: CPU 4 Converting physical 0 to logical die 2
[    0.818169] [Firmware Bug]: cpu 5, try to use APIC520 (LVT offset 2) for vector 0xf4, but the register is already in use for vector 0x0 on this cpu
[    0.818169] [Firmware Bug]: cpu 6, try to use APIC520 (LVT offset 2) for vector 0xf4, but the register is already in use for vector 0x0 on this cpu
[    0.818169] smpboot: CPU 6 Converting physical 0 to logical die 3
[    0.818169] [Firmware Bug]: cpu 7, try to use APIC520 (LVT offset 2) for vector 0xf4, but the register is already in use for vector 0x0 on this cpu
[   18.009146] smp: Brought up 1 node, 8 CPUs
[   18.032079] smpboot: Max logical packages: 64
[   18.034079] smpboot: Total of 8 processors activated (60798.46 BogoMIPS)
[   18.039198] devtmpfs: initialized
[   18.042455] x86/mm: Memory block size: 128MB
[   18.048133] ACPI: PM: Registering ACPI NVS region [mem 0xbfeff000-0xbfefffff] (4096 bytes)
[   18.051231] clocksource: jiffies: mask: 0xffffffff max_cycles: 0xffffffff, max_idle_ns: 1911260446275000 ns
[   18.062445] futex hash table entries: 32768 (order: 9, 2097152 bytes, linear)
[   18.065944] pinctrl core: initialized pinctrl subsystem
[   18.068455] PM: RTC time: 03:14:49, date: 2025-12-04
[   18.082309] NET: Registered PF_NETLINK/PF_ROUTE protocol family
[   18.089323] DMA: preallocated 1024 KiB GFP_KERNEL pool for atomic allocations
[   18.091213] DMA: preallocated 1024 KiB GFP_KERNEL|GFP_DMA pool for atomic allocations
[   18.093154] DMA: preallocated 1024 KiB GFP_KERNEL|GFP_DMA32 pool for atomic allocations
[   18.095143] audit: initializing netlink subsys (disabled)
[   18.098173] audit: type=2000 audit(1764818085.352:1): state=initialized audit_enabled=0 res=1
[   18.098720] thermal_sys: Registered thermal governor 'fair_share'
[   18.100078] thermal_sys: Registered thermal governor 'bang_bang'
[   18.102080] thermal_sys: Registered thermal governor 'step_wise'
[   18.103081] thermal_sys: Registered thermal governor 'user_space'
[   18.105080] thermal_sys: Registered thermal governor 'power_allocator'
[   18.107277] cpuidle: using governor ladder
[   18.110097] cpuidle: using governor menu
[   18.114147] Simple Boot Flag at 0x36 set to 0x80
[   18.116128] acpiphp: ACPI Hot Plug PCI Controller Driver version: 0.5
[   18.118533] PCI: MMCONFIG for domain 0000 [bus 00-7f] at [mem 0xf0000000-0xf7ffffff] (base 0xf0000000)
[   18.120086] PCI: MMCONFIG at [mem 0xf0000000-0xf7ffffff] reserved as E820 entry
[   18.122095] PCI: Using configuration type 1 for base access
[   18.124487] kprobes: kprobe jump-optimization is enabled. All kprobes are optimized if possible.
[   18.130201] HugeTLB: registered 1.00 GiB page size, pre-allocated 0 pages
[   18.132092] HugeTLB: 16380 KiB vmemmap can be freed for a 1.00 GiB page
[   18.134078] HugeTLB: registered 2.00 MiB page size, pre-allocated 0 pages
[   18.136079] HugeTLB: 28 KiB vmemmap can be freed for a 2.00 MiB page
[   18.143515] ACPI: Added _OSI(Module Device)
[   18.145082] ACPI: Added _OSI(Processor Device)
[   18.147080] ACPI: Added _OSI(3.0 _SCP Extensions)
[   18.150074] ACPI: Added _OSI(Processor Aggregator Device)
[   18.168240] ACPI: 1 ACPI AML tables successfully acquired and loaded
[   18.172278] ACPI: [Firmware Bug]: BIOS _OSI(Linux) query ignored
[   18.177342] ACPI: _OSC evaluation for CPUs failed, trying _PDC
[   18.198195] ACPI: Interpreter enabled
[   18.199099] ACPI: PM: (supports S0 S1 S4 S5)
[   18.201139] ACPI: Using IOAPIC for interrupt routing
[   18.204099] PCI: Using host bridge windows from ACPI; if necessary, use "pci=nocrs" and report a bug
[   18.206085] PCI: Using E820 reservations for host bridge windows
[   18.209639] ACPI: Enabled 4 GPEs in block 00 to 0F
[   18.427531] ACPI: PCI Root Bridge [PCI0] (domain 0000 [bus 00-7f])
[   18.429086] acpi PNP0A03:00: _OSC: OS supports [ExtendedConfig ASPM ClockPM Segments MSI EDR HPX-Type3]
[   18.431314] acpi PNP0A03:00: _OSC: platform does not support [AER LTR DPC]
[   18.433316] acpi PNP0A03:00: _OSC: OS now controls [PCIeHotplug SHPCHotplug PME PCIeCapability]
[   18.439229] PCI host bridge to bus 0000:00
[   18.440079] pci_bus 0000:00: root bus resource [mem 0x000a0000-0x000bffff window]
[   18.442085] pci_bus 0000:00: root bus resource [mem 0x000d0000-0x000dbfff window]
[   18.444083] pci_bus 0000:00: root bus resource [mem 0xc0000000-0xfebfffff window]
[   18.446084] pci_bus 0000:00: root bus resource [io  0x0000-0x0cf7 window]
[   18.448084] pci_bus 0000:00: root bus resource [io  0x0d00-0xfeff window]
[   18.450082] pci_bus 0000:00: root bus resource [bus 00-7f]
[   18.452456] pci 0000:00:00.0: [8086:7190] type 00 class 0x060000
[   18.455490] pci 0000:00:01.0: [8086:7191] type 01 class 0x060400
[   18.472989] pci 0000:00:07.0: [8086:7110] type 00 class 0x060100
[   18.476346] pci 0000:00:07.1: [8086:7111] type 00 class 0x01018a
[   18.479863] pci 0000:00:07.1: reg 0x20: [io  0x1060-0x106f]
[   18.482825] pci 0000:00:07.1: legacy IDE quirk: reg 0x10: [io  0x01f0-0x01f7]
[   18.485080] pci 0000:00:07.1: legacy IDE quirk: reg 0x14: [io  0x03f6]
[   18.486083] pci 0000:00:07.1: legacy IDE quirk: reg 0x18: [io  0x0170-0x0177]
[   18.488083] pci 0000:00:07.1: legacy IDE quirk: reg 0x1c: [io  0x0376]
[   18.490562] pci 0000:00:07.3: [8086:7113] type 00 class 0x068000
[   18.495117] pci 0000:00:07.3: quirk: [io  0x1000-0x103f] claimed by PIIX4 ACPI
[   18.497111] pci 0000:00:07.3: quirk: [io  0x1040-0x104f] claimed by PIIX4 SMB
[   18.500369] pci 0000:00:07.7: [15ad:0740] type 00 class 0x088000
[   18.503596] pci 0000:00:07.7: reg 0x10: [io  0x1080-0x10bf]
[   18.506399] pci 0000:00:07.7: reg 0x14: [mem 0xfebc0000-0xfebfffff 64bit]
[   18.531892] pci 0000:00:0f.0: [15ad:0405] type 00 class 0x030000
[   18.534562] pci 0000:00:0f.0: reg 0x10: [io  0x1070-0x107f]
[   18.537727] pci 0000:00:0f.0: reg 0x14: [mem 0xe8000000-0xefffffff pref]
[   18.541078] pci 0000:00:0f.0: reg 0x18: [mem 0xfe000000-0xfe7fffff]
[   18.546478] pci 0000:00:0f.0: reg 0x30: [mem 0x00000000-0x00007fff pref]
[   18.548211] pci 0000:00:0f.0: Video device with shadowed ROM at [mem 0x000c0000-0x000dffff]
[   18.551998] pci 0000:00:10.0: [1000:0030] type 00 class 0x010000
[   18.554328] pci 0000:00:10.0: reg 0x10: [io  0x1400-0x14ff]
[   18.557408] pci 0000:00:10.0: reg 0x14: [mem 0xfeb80000-0xfeb9ffff 64bit]
[   18.559608] pci 0000:00:10.0: reg 0x1c: [mem 0xfeba0000-0xfebbffff 64bit]
[   18.562809] pci 0000:00:10.0: reg 0x30: [mem 0x00000000-0x00003fff pref]
[   18.565156] pci 0000:00:11.0: [15ad:0790] type 01 class 0x060401
[   18.577327] pci 0000:00:15.0: [15ad:07a0] type 01 class 0x060400
[   18.581254] pci 0000:00:15.0: PME# supported from D0 D3hot D3cold
[   18.584240] pci 0000:00:15.1: [15ad:07a0] type 01 class 0x060400
[   18.588235] pci 0000:00:15.1: PME# supported from D0 D3hot D3cold
[   18.591899] pci 0000:00:15.2: [15ad:07a0] type 01 class 0x060400
[   18.595738] pci 0000:00:15.2: PME# supported from D0 D3hot D3cold
[   18.598514] pci 0000:00:15.3: [15ad:07a0] type 01 class 0x060400
[   18.602073] pci 0000:00:15.3: PME# supported from D0 D3hot D3cold
[   18.604220] pci 0000:00:15.4: [15ad:07a0] type 01 class 0x060400
[   18.607941] pci 0000:00:15.4: PME# supported from D0 D3hot D3cold
[   18.610144] pci 0000:00:15.5: [15ad:07a0] type 01 class 0x060400
[   18.612836] pci 0000:00:15.5: PME# supported from D0 D3hot D3cold
[   18.616394] pci 0000:00:15.6: [15ad:07a0] type 01 class 0x060400
[   18.619857] pci 0000:00:15.6: PME# supported from D0 D3hot D3cold
[   18.622774] pci 0000:00:15.7: [15ad:07a0] type 01 class 0x060400
[   18.626144] pci 0000:00:15.7: PME# supported from D0 D3hot D3cold
[   18.628954] pci 0000:00:16.0: [15ad:07a0] type 01 class 0x060400
[   18.632627] pci 0000:00:16.0: PME# supported from D0 D3hot D3cold
[   18.635709] pci 0000:00:16.1: [15ad:07a0] type 01 class 0x060400
[   18.639144] pci 0000:00:16.1: PME# supported from D0 D3hot D3cold
[   18.641600] pci 0000:00:16.2: [15ad:07a0] type 01 class 0x060400
[   18.645142] pci 0000:00:16.2: PME# supported from D0 D3hot D3cold
[   18.647738] pci 0000:00:16.3: [15ad:07a0] type 01 class 0x060400
[   18.651293] pci 0000:00:16.3: PME# supported from D0 D3hot D3cold
[   18.654219] pci 0000:00:16.4: [15ad:07a0] type 01 class 0x060400
[   18.659073] pci 0000:00:16.4: PME# supported from D0 D3hot D3cold
[   18.662752] pci 0000:00:16.5: [15ad:07a0] type 01 class 0x060400
[   18.666121] pci 0000:00:16.5: PME# supported from D0 D3hot D3cold
[   18.669612] pci 0000:00:16.6: [15ad:07a0] type 01 class 0x060400
[   18.673363] pci 0000:00:16.6: PME# supported from D0 D3hot D3cold
[   18.677089] pci 0000:00:16.7: [15ad:07a0] type 01 class 0x060400
[   18.681505] pci 0000:00:16.7: PME# supported from D0 D3hot D3cold
[   18.685073] pci 0000:00:17.0: [15ad:07a0] type 01 class 0x060400
[   18.688442] pci 0000:00:17.0: PME# supported from D0 D3hot D3cold
[   18.691411] pci 0000:00:17.1: [15ad:07a0] type 01 class 0x060400
[   18.695203] pci 0000:00:17.1: PME# supported from D0 D3hot D3cold
[   18.698786] pci 0000:00:17.2: [15ad:07a0] type 01 class 0x060400
[   18.702687] pci 0000:00:17.2: PME# supported from D0 D3hot D3cold
[   18.705923] pci 0000:00:17.3: [15ad:07a0] type 01 class 0x060400
[   18.709730] pci 0000:00:17.3: PME# supported from D0 D3hot D3cold
[   18.712009] pci 0000:00:17.4: [15ad:07a0] type 01 class 0x060400
[   18.714923] pci 0000:00:17.4: PME# supported from D0 D3hot D3cold
[   18.717846] pci 0000:00:17.5: [15ad:07a0] type 01 class 0x060400
[   18.722073] pci 0000:00:17.5: PME# supported from D0 D3hot D3cold
[   18.725122] pci 0000:00:17.6: [15ad:07a0] type 01 class 0x060400
[   18.728237] pci 0000:00:17.6: PME# supported from D0 D3hot D3cold
[   18.731219] pci 0000:00:17.7: [15ad:07a0] type 01 class 0x060400
[   18.735015] pci 0000:00:17.7: PME# supported from D0 D3hot D3cold
[   18.737612] pci 0000:00:18.0: [15ad:07a0] type 01 class 0x060400
[   18.740860] pci 0000:00:18.0: PME# supported from D0 D3hot D3cold
[   18.743591] pci 0000:00:18.1: [15ad:07a0] type 01 class 0x060400
[   18.746817] pci 0000:00:18.1: PME# supported from D0 D3hot D3cold
[   18.749293] pci 0000:00:18.2: [15ad:07a0] type 01 class 0x060400
[   18.753577] pci 0000:00:18.2: PME# supported from D0 D3hot D3cold
[   18.756559] pci 0000:00:18.3: [15ad:07a0] type 01 class 0x060400
[   18.760769] pci 0000:00:18.3: PME# supported from D0 D3hot D3cold
[   18.763512] pci 0000:00:18.4: [15ad:07a0] type 01 class 0x060400
[   18.767389] pci 0000:00:18.4: PME# supported from D0 D3hot D3cold
[   18.771177] pci 0000:00:18.5: [15ad:07a0] type 01 class 0x060400
[   18.774793] pci 0000:00:18.5: PME# supported from D0 D3hot D3cold
[   18.777121] pci 0000:00:18.6: [15ad:07a0] type 01 class 0x060400
[   18.780614] pci 0000:00:18.6: PME# supported from D0 D3hot D3cold
[   18.783225] pci 0000:00:18.7: [15ad:07a0] type 01 class 0x060400
[   18.788073] pci 0000:00:18.7: PME# supported from D0 D3hot D3cold
[   18.812492] pci_bus 0000:01: extended config space not accessible
[   18.910172] pci 0000:00:01.0: PCI bridge to [bus 01]
[   18.911532] pci_bus 0000:02: extended config space not accessible
[   18.913424] acpiphp: Slot [32] registered
[   18.915136] acpiphp: Slot [33] registered
[   18.917172] acpiphp: Slot [34] registered
[   18.919142] acpiphp: Slot [35] registered
[   18.921137] acpiphp: Slot [36] registered
[   18.923135] acpiphp: Slot [37] registered
[   18.924126] acpiphp: Slot [38] registered
[   18.925125] acpiphp: Slot [39] registered
[   18.927155] acpiphp: Slot [40] registered
[   18.928139] acpiphp: Slot [41] registered
[   18.930126] acpiphp: Slot [42] registered
[   18.931141] acpiphp: Slot [43] registered
[   18.933139] acpiphp: Slot [44] registered
[   18.935140] acpiphp: Slot [45] registered
[   18.936191] acpiphp: Slot [46] registered
[   18.938130] acpiphp: Slot [47] registered
[   18.940163] acpiphp: Slot [48] registered
[   18.942142] acpiphp: Slot [49] registered
[   18.944135] acpiphp: Slot [50] registered
[   18.947130] acpiphp: Slot [51] registered
[   18.949130] acpiphp: Slot [52] registered
[   18.951147] acpiphp: Slot [53] registered
[   18.952140] acpiphp: Slot [54] registered
[   18.955099] acpiphp: Slot [55] registered
[   18.957144] acpiphp: Slot [56] registered
[   18.958136] acpiphp: Slot [57] registered
[   18.960156] acpiphp: Slot [58] registered
[   18.962140] acpiphp: Slot [59] registered
[   18.963141] acpiphp: Slot [60] registered
[   18.965139] acpiphp: Slot [61] registered
[   18.967144] acpiphp: Slot [62] registered
[   18.969143] acpiphp: Slot [63] registered
[   18.972208] pci 0000:02:00.0: [15ad:0774] type 00 class 0x0c0300
[   18.976248] pci 0000:02:00.0: reg 0x20: [io  0x2080-0x209f]
[   18.980341] pci 0000:02:01.0: [8086:100f] type 00 class 0x020000
[   18.983654] pci 0000:02:01.0: reg 0x10: [mem 0xfd5c0000-0xfd5dffff 64bit]
[   18.985748] pci 0000:02:01.0: reg 0x18: [mem 0xfdff0000-0xfdffffff 64bit]
[   18.987645] pci 0000:02:01.0: reg 0x20: [io  0x2000-0x203f]
[   18.991079] pci 0000:02:01.0: reg 0x30: [mem 0x00000000-0x0000ffff pref]
[   18.994231] pci 0000:02:01.0: PME# supported from D0 D3hot D3cold
[   18.998078] pci 0000:02:02.0: [1274:1371] type 00 class 0x040100
[   19.001520] pci 0000:02:02.0: reg 0x10: [io  0x2040-0x207f]
[   19.006321] pci 0000:02:03.0: [15ad:0770] type 00 class 0x0c0320
[   19.008563] pci 0000:02:03.0: reg 0x10: [mem 0xfd5ef000-0xfd5effff]
[   19.014759] pci 0000:02:04.0: [15ad:07e0] type 00 class 0x010601
[   19.018764] pci 0000:02:04.0: reg 0x24: [mem 0xfd5ee000-0xfd5eefff]
[   19.020484] pci 0000:02:04.0: reg 0x30: [mem 0x00000000-0x0000ffff pref]
[   19.023667] pci 0000:02:04.0: PME# supported from D3hot
[   19.111564] pci 0000:00:11.0: PCI bridge to [bus 02] (subtractive decode)
[   19.114091] pci 0000:00:11.0:   bridge window [io  0x2000-0x3fff]
[   19.115144] pci 0000:00:11.0:   bridge window [mem 0xfd500000-0xfdffffff]
[   19.117192] pci 0000:00:11.0:   bridge window [mem 0xe7b00000-0xe7ffffff 64bit pref]
[   19.119082] pci 0000:00:11.0:   bridge window [mem 0x000a0000-0x000bffff window] (subtractive decode)
[   19.121099] pci 0000:00:11.0:   bridge window [mem 0x000d0000-0x000dbfff window] (subtractive decode)
[   19.123084] pci 0000:00:11.0:   bridge window [mem 0xc0000000-0xfebfffff window] (subtractive decode)
[   19.125085] pci 0000:00:11.0:   bridge window [io  0x0000-0x0cf7 window] (subtractive decode)
[   19.127084] pci 0000:00:11.0:   bridge window [io  0x0d00-0xfeff window] (subtractive decode)
[   19.132942] pci 0000:00:15.0: PCI bridge to [bus 03]
[   19.134109] pci 0000:00:15.0:   bridge window [io  0x4000-0x4fff]
[   19.136134] pci 0000:00:15.0:   bridge window [mem 0xfd400000-0xfd4fffff]
[   19.138173] pci 0000:00:15.0:   bridge window [mem 0xe7a00000-0xe7afffff 64bit pref]
[   19.143921] pci 0000:00:15.1: PCI bridge to [bus 04]
[   19.145112] pci 0000:00:15.1:   bridge window [io  0x8000-0x8fff]
[   19.147129] pci 0000:00:15.1:   bridge window [mem 0xfd000000-0xfd0fffff]
[   19.149168] pci 0000:00:15.1:   bridge window [mem 0xe7600000-0xe76fffff 64bit pref]
[   19.154804] pci 0000:00:15.2: PCI bridge to [bus 05]
[   19.156122] pci 0000:00:15.2:   bridge window [io  0xc000-0xcfff]
[   19.158130] pci 0000:00:15.2:   bridge window [mem 0xfcc00000-0xfccfffff]
[   19.160168] pci 0000:00:15.2:   bridge window [mem 0xe7200000-0xe72fffff 64bit pref]
[   19.165556] pci 0000:00:15.3: PCI bridge to [bus 06]
[   19.167152] pci 0000:00:15.3:   bridge window [mem 0xfc800000-0xfc8fffff]
[   19.169171] pci 0000:00:15.3:   bridge window [mem 0xe6e00000-0xe6efffff 64bit pref]
[   19.175536] pci 0000:00:15.4: PCI bridge to [bus 07]
[   19.177154] pci 0000:00:15.4:   bridge window [mem 0xfc400000-0xfc4fffff]
[   19.179167] pci 0000:00:15.4:   bridge window [mem 0xe6a00000-0xe6afffff 64bit pref]
[   19.185160] pci 0000:00:15.5: PCI bridge to [bus 08]
[   19.186175] pci 0000:00:15.5:   bridge window [mem 0xfc000000-0xfc0fffff]
[   19.189164] pci 0000:00:15.5:   bridge window [mem 0xe6600000-0xe66fffff 64bit pref]
[   19.195997] pci 0000:00:15.6: PCI bridge to [bus 09]
[   19.197151] pci 0000:00:15.6:   bridge window [mem 0xfbc00000-0xfbcfffff]
[   19.199166] pci 0000:00:15.6:   bridge window [mem 0xe6200000-0xe62fffff 64bit pref]
[   19.205606] pci 0000:00:15.7: PCI bridge to [bus 0a]
[   19.207153] pci 0000:00:15.7:   bridge window [mem 0xfb800000-0xfb8fffff]
[   19.209173] pci 0000:00:15.7:   bridge window [mem 0xe5e00000-0xe5efffff 64bit pref]
[   19.214871] pci 0000:00:16.0: PCI bridge to [bus 0b]
[   19.216112] pci 0000:00:16.0:   bridge window [io  0x5000-0x5fff]
[   19.218129] pci 0000:00:16.0:   bridge window [mem 0xfd300000-0xfd3fffff]
[   19.220170] pci 0000:00:16.0:   bridge window [mem 0xe7900000-0xe79fffff 64bit pref]
[   19.226682] pci 0000:00:16.1: PCI bridge to [bus 0c]
[   19.228107] pci 0000:00:16.1:   bridge window [io  0x9000-0x9fff]
[   19.230132] pci 0000:00:16.1:   bridge window [mem 0xfcf00000-0xfcffffff]
[   19.232173] pci 0000:00:16.1:   bridge window [mem 0xe7500000-0xe75fffff 64bit pref]
[   19.238204] pci 0000:00:16.2: PCI bridge to [bus 0d]
[   19.239108] pci 0000:00:16.2:   bridge window [io  0xd000-0xdfff]
[   19.241127] pci 0000:00:16.2:   bridge window [mem 0xfcb00000-0xfcbfffff]
[   19.243170] pci 0000:00:16.2:   bridge window [mem 0xe7100000-0xe71fffff 64bit pref]
[   19.249267] pci 0000:00:16.3: PCI bridge to [bus 0e]
[   19.250158] pci 0000:00:16.3:   bridge window [mem 0xfc700000-0xfc7fffff]
[   19.253167] pci 0000:00:16.3:   bridge window [mem 0xe6d00000-0xe6dfffff 64bit pref]
[   19.259237] pci 0000:00:16.4: PCI bridge to [bus 0f]
[   19.260156] pci 0000:00:16.4:   bridge window [mem 0xfc300000-0xfc3fffff]
[   19.262177] pci 0000:00:16.4:   bridge window [mem 0xe6900000-0xe69fffff 64bit pref]
[   19.268911] pci 0000:00:16.5: PCI bridge to [bus 10]
[   19.270154] pci 0000:00:16.5:   bridge window [mem 0xfbf00000-0xfbffffff]
[   19.272188] pci 0000:00:16.5:   bridge window [mem 0xe6500000-0xe65fffff 64bit pref]
[   19.277618] pci 0000:00:16.6: PCI bridge to [bus 11]
[   19.279154] pci 0000:00:16.6:   bridge window [mem 0xfbb00000-0xfbbfffff]
[   19.281183] pci 0000:00:16.6:   bridge window [mem 0xe6100000-0xe61fffff 64bit pref]
[   19.287214] pci 0000:00:16.7: PCI bridge to [bus 12]
[   19.289153] pci 0000:00:16.7:   bridge window [mem 0xfb700000-0xfb7fffff]
[   19.291167] pci 0000:00:16.7:   bridge window [mem 0xe5d00000-0xe5dfffff 64bit pref]
[   19.297452] pci 0000:00:17.0: PCI bridge to [bus 13]
[   19.299104] pci 0000:00:17.0:   bridge window [io  0x6000-0x6fff]
[   19.301131] pci 0000:00:17.0:   bridge window [mem 0xfd200000-0xfd2fffff]
[   19.303168] pci 0000:00:17.0:   bridge window [mem 0xe7800000-0xe78fffff 64bit pref]
[   19.309792] pci 0000:00:17.1: PCI bridge to [bus 14]
[   19.311113] pci 0000:00:17.1:   bridge window [io  0xa000-0xafff]
[   19.312129] pci 0000:00:17.1:   bridge window [mem 0xfce00000-0xfcefffff]
[   19.314201] pci 0000:00:17.1:   bridge window [mem 0xe7400000-0xe74fffff 64bit pref]
[   19.321073] pci 0000:00:17.2: PCI bridge to [bus 15]
[   19.322109] pci 0000:00:17.2:   bridge window [io  0xe000-0xefff]
[   19.324128] pci 0000:00:17.2:   bridge window [mem 0xfca00000-0xfcafffff]
[   19.326166] pci 0000:00:17.2:   bridge window [mem 0xe7000000-0xe70fffff 64bit pref]
[   19.332158] pci 0000:00:17.3: PCI bridge to [bus 16]
[   19.334150] pci 0000:00:17.3:   bridge window [mem 0xfc600000-0xfc6fffff]
[   19.336167] pci 0000:00:17.3:   bridge window [mem 0xe6c00000-0xe6cfffff 64bit pref]
[   19.342333] pci 0000:00:17.4: PCI bridge to [bus 17]
[   19.343150] pci 0000:00:17.4:   bridge window [mem 0xfc200000-0xfc2fffff]
[   19.346167] pci 0000:00:17.4:   bridge window [mem 0xe6800000-0xe68fffff 64bit pref]
[   19.353050] pci 0000:00:17.5: PCI bridge to [bus 18]
[   19.355077] pci 0000:00:17.5:   bridge window [mem 0xfbe00000-0xfbefffff]
[   19.358165] pci 0000:00:17.5:   bridge window [mem 0xe6400000-0xe64fffff 64bit pref]
[   19.363533] pci 0000:00:17.6: PCI bridge to [bus 19]
[   19.366079] pci 0000:00:17.6:   bridge window [mem 0xfba00000-0xfbafffff]
[   19.368168] pci 0000:00:17.6:   bridge window [mem 0xe6000000-0xe60fffff 64bit pref]
[   19.374841] pci 0000:00:17.7: PCI bridge to [bus 1a]
[   19.376154] pci 0000:00:17.7:   bridge window [mem 0xfb600000-0xfb6fffff]
[   19.378196] pci 0000:00:17.7:   bridge window [mem 0xe5c00000-0xe5cfffff 64bit pref]
[   19.383806] pci 0000:00:18.0: PCI bridge to [bus 1b]
[   19.386089] pci 0000:00:18.0:   bridge window [io  0x7000-0x7fff]
[   19.388129] pci 0000:00:18.0:   bridge window [mem 0xfd100000-0xfd1fffff]
[   19.390169] pci 0000:00:18.0:   bridge window [mem 0xe7700000-0xe77fffff 64bit pref]
[   19.395855] pci 0000:00:18.1: PCI bridge to [bus 1c]
[   19.398120] pci 0000:00:18.1:   bridge window [io  0xb000-0xbfff]
[   19.400129] pci 0000:00:18.1:   bridge window [mem 0xfcd00000-0xfcdfffff]
[   19.402167] pci 0000:00:18.1:   bridge window [mem 0xe7300000-0xe73fffff 64bit pref]
[   19.408662] pci 0000:00:18.2: PCI bridge to [bus 1d]
[   19.410158] pci 0000:00:18.2:   bridge window [mem 0xfc900000-0xfc9fffff]
[   19.414118] pci 0000:00:18.2:   bridge window [mem 0xe6f00000-0xe6ffffff 64bit pref]
[   19.420738] pci 0000:00:18.3: PCI bridge to [bus 1e]
[   19.422155] pci 0000:00:18.3:   bridge window [mem 0xfc500000-0xfc5fffff]
[   19.424172] pci 0000:00:18.3:   bridge window [mem 0xe6b00000-0xe6bfffff 64bit pref]
[   19.430032] pci 0000:00:18.4: PCI bridge to [bus 1f]
[   19.431173] pci 0000:00:18.4:   bridge window [mem 0xfc100000-0xfc1fffff]
[   19.433172] pci 0000:00:18.4:   bridge window [mem 0xe6700000-0xe67fffff 64bit pref]
[   19.439336] pci 0000:00:18.5: PCI bridge to [bus 20]
[   19.440149] pci 0000:00:18.5:   bridge window [mem 0xfbd00000-0xfbdfffff]
[   19.443118] pci 0000:00:18.5:   bridge window [mem 0xe6300000-0xe63fffff 64bit pref]
[   19.449204] pci 0000:00:18.6: PCI bridge to [bus 21]
[   19.451145] pci 0000:00:18.6:   bridge window [mem 0xfb900000-0xfb9fffff]
[   19.453172] pci 0000:00:18.6:   bridge window [mem 0xe5f00000-0xe5ffffff 64bit pref]
[   19.459400] pci 0000:00:18.7: PCI bridge to [bus 22]
[   19.461155] pci 0000:00:18.7:   bridge window [mem 0xfb500000-0xfb5fffff]
[   19.463172] pci 0000:00:18.7:   bridge window [mem 0xe5b00000-0xe5bfffff 64bit pref]
[   19.469458] ACPI: PCI: Interrupt link LNKA configured for IRQ 9
[   19.471233] ACPI: PCI: Interrupt link LNKB configured for IRQ 11
[   19.473208] ACPI: PCI: Interrupt link LNKC configured for IRQ 10
[   19.475225] ACPI: PCI: Interrupt link LNKD configured for IRQ 7
[   19.527246] iommu: Default domain type: Translated
[   19.529077] iommu: DMA domain TLB invalidation policy: lazy mode
[   19.533697] SCSI subsystem initialized
[   19.560392] libata version 3.00 loaded.
[   19.560516] ACPI: bus type USB registered
[   19.588241] usbcore: registered new interface driver usbfs
[   19.615150] usbcore: registered new interface driver hub
[   19.642493] usbcore: registered new device driver usb
[   19.669184] pps_core: LinuxPPS API ver. 1 registered
[   19.696078] pps_core: Software ver. 5.3.6 - Copyright 2005-2007 Rodolfo Giometti <giometti@linux.it>
[   19.749100] PTP clock support registered
[   19.778297] EDAC MC: Ver: 3.0.0
[   19.813312] NetLabel: Initializing
[   19.842078] NetLabel:  domain hash size = 128
[   19.868079] NetLabel:  protocols = UNLABELED CIPSOv4 CALIPSO
[   19.896113] NetLabel:  unlabeled traffic allowed by default
[   19.923109] mctp: management component transport protocol core
[   19.949077] NET: Registered PF_MCTP protocol family
[   19.976088] PCI: Using ACPI for IRQ routing
[   20.425851] PCI: pci_cache_line_size set to 64 bytes
[   20.428398] e820: reserve RAM buffer [mem 0x0009e800-0x0009ffff]
[   20.428404] e820: reserve RAM buffer [mem 0xbfed0000-0xbfffffff]
[   20.428504] pci 0000:00:0f.0: vgaarb: setting as boot VGA device
[   20.429073] pci 0000:00:0f.0: vgaarb: bridge control possible
[   20.429073] pci 0000:00:0f.0: vgaarb: VGA device added: decodes=io+mem,owns=io+mem,locks=none
[   20.429092] vgaarb: loaded
[   20.430301] hpet0: at MMIO 0xfed00000, IRQs 2, 8, 0, 0, 0, 0, 0, 0, 0, 0, 0, 0, 0, 0, 0, 0
[   20.433080] hpet0: 16 comparators, 64-bit 14.318180 MHz counter
[   20.438308] clocksource: Switched to clocksource tsc-early
[   20.466050] VFS: Disk quotas dquot_6.6.0
[   20.492769] VFS: Dquot-cache hash table entries: 512 (order 0, 4096 bytes)
[   20.520702] FS-Cache: Loaded
[   20.546916] AppArmor: AppArmor Filesystem Enabled
[   20.573455] pnp: PnP ACPI init
[   20.600273] system 00:00: [io  0x1000-0x103f] has been reserved
[   20.626511] system 00:00: [io  0x1040-0x104f] has been reserved
[   20.652227] system 00:00: [io  0x0cf0-0x0cf1] has been reserved
[   20.678679] system 00:04: [mem 0xfed00000-0xfed003ff] has been reserved
[   20.707609] pnp 00:05: [dma 2]
[   20.708081] system 00:06: [io  0xfce0-0xfcff] has been reserved
[   20.734007] system 00:06: [mem 0xf0000000-0xf7ffffff] has been reserved
[   20.760078] system 00:06: [mem 0xfe800000-0xfe9fffff] has been reserved
[   20.821661] pnp: PnP ACPI: found 7 devices
[   20.868539] clocksource: acpi_pm: mask: 0xffffff max_cycles: 0xffffff, max_idle_ns: 2085701024 ns
[   20.919952] NET: Registered PF_INET protocol family
[   20.951731] IP idents hash table entries: 131072 (order: 8, 1048576 bytes, linear)
[   21.007006] tcp_listen_portaddr_hash hash table entries: 4096 (order: 4, 65536 bytes, linear)
[   21.058554] Table-perturb hash table entries: 65536 (order: 6, 262144 bytes, linear)
[   21.111008] TCP established hash table entries: 65536 (order: 7, 524288 bytes, linear)
[   21.170699] TCP bind hash table entries: 65536 (order: 9, 2097152 bytes, linear)
[   21.220920] TCP: Hash tables configured (established 65536 bind 65536)
[   21.250582] MPTCP token hash table entries: 8192 (order: 5, 196608 bytes, linear)
[   21.301603] UDP hash table entries: 4096 (order: 5, 131072 bytes, linear)
[   21.328292] UDP-Lite hash table entries: 4096 (order: 5, 131072 bytes, linear)
[   21.380095] NET: Registered PF_UNIX/PF_LOCAL protocol family
[   21.406372] NET: Registered PF_XDP protocol family
[   21.432750] pci 0000:00:15.3: bridge window [io  0x1000-0x0fff] to [bus 06] add_size 1000
[   21.483550] pci 0000:00:15.4: bridge window [io  0x1000-0x0fff] to [bus 07] add_size 1000
[   21.533756] pci 0000:00:15.5: bridge window [io  0x1000-0x0fff] to [bus 08] add_size 1000
[   21.585323] pci 0000:00:15.6: bridge window [io  0x1000-0x0fff] to [bus 09] add_size 1000
[   21.635635] pci 0000:00:15.7: bridge window [io  0x1000-0x0fff] to [bus 0a] add_size 1000
[   21.686762] pci 0000:00:16.3: bridge window [io  0x1000-0x0fff] to [bus 0e] add_size 1000
[   21.737833] pci 0000:00:16.4: bridge window [io  0x1000-0x0fff] to [bus 0f] add_size 1000
[   21.788120] pci 0000:00:16.5: bridge window [io  0x1000-0x0fff] to [bus 10] add_size 1000
[   21.842347] pci 0000:00:16.6: bridge window [io  0x1000-0x0fff] to [bus 11] add_size 1000
[   21.898281] pci 0000:00:16.7: bridge window [io  0x1000-0x0fff] to [bus 12] add_size 1000
[   21.950469] pci 0000:00:17.3: bridge window [io  0x1000-0x0fff] to [bus 16] add_size 1000
[   22.000734] pci 0000:00:17.4: bridge window [io  0x1000-0x0fff] to [bus 17] add_size 1000
[   22.050864] pci 0000:00:17.5: bridge window [io  0x1000-0x0fff] to [bus 18] add_size 1000
[   22.101800] pci 0000:00:17.6: bridge window [io  0x1000-0x0fff] to [bus 19] add_size 1000
[   22.154095] pci 0000:00:17.7: bridge window [io  0x1000-0x0fff] to [bus 1a] add_size 1000
[   22.204351] pci 0000:00:18.2: bridge window [io  0x1000-0x0fff] to [bus 1d] add_size 1000
[   22.255465] pci 0000:00:18.3: bridge window [io  0x1000-0x0fff] to [bus 1e] add_size 1000
[   22.305710] pci 0000:00:18.4: bridge window [io  0x1000-0x0fff] to [bus 1f] add_size 1000
[   22.358858] pci 0000:00:18.5: bridge window [io  0x1000-0x0fff] to [bus 20] add_size 1000
[   22.413103] pci 0000:00:18.6: bridge window [io  0x1000-0x0fff] to [bus 21] add_size 1000
[   22.466365] pci 0000:00:18.7: bridge window [io  0x1000-0x0fff] to [bus 22] add_size 1000
[   22.520217] pci 0000:00:10.0: BAR 6: assigned [mem 0xc0000000-0xc0003fff pref]
[   22.572841] pci 0000:00:15.3: BAR 13: no space for [io  size 0x1000]
[   22.598853] pci 0000:00:15.3: BAR 13: failed to assign [io  size 0x1000]
[   22.625131] pci 0000:00:15.4: BAR 13: no space for [io  size 0x1000]
[   22.650789] pci 0000:00:15.4: BAR 13: failed to assign [io  size 0x1000]
[   22.676581] pci 0000:00:15.5: BAR 13: no space for [io  size 0x1000]
[   22.702942] pci 0000:00:15.5: BAR 13: failed to assign [io  size 0x1000]
[   22.729882] pci 0000:00:15.6: BAR 13: no space for [io  size 0x1000]
[   22.756343] pci 0000:00:15.6: BAR 13: failed to assign [io  size 0x1000]
[   22.783773] pci 0000:00:15.7: BAR 13: no space for [io  size 0x1000]
[   22.810775] pci 0000:00:15.7: BAR 13: failed to assign [io  size 0x1000]
[   22.836919] pci 0000:00:16.3: BAR 13: no space for [io  size 0x1000]
[   22.864420] pci 0000:00:16.3: BAR 13: failed to assign [io  size 0x1000]
[   22.891941] pci 0000:00:16.4: BAR 13: no space for [io  size 0x1000]
[   22.918207] pci 0000:00:16.4: BAR 13: failed to assign [io  size 0x1000]
[   22.945110] pci 0000:00:16.5: BAR 13: no space for [io  size 0x1000]
[   22.972861] pci 0000:00:16.5: BAR 13: failed to assign [io  size 0x1000]
[   22.999577] pci 0000:00:16.6: BAR 13: no space for [io  size 0x1000]
[   23.026344] pci 0000:00:16.6: BAR 13: failed to assign [io  size 0x1000]
[   23.052970] pci 0000:00:16.7: BAR 13: no space for [io  size 0x1000]
[   23.079089] pci 0000:00:16.7: BAR 13: failed to assign [io  size 0x1000]
[   23.105049] pci 0000:00:17.3: BAR 13: no space for [io  size 0x1000]
[   23.131158] pci 0000:00:17.3: BAR 13: failed to assign [io  size 0x1000]
[   23.157229] pci 0000:00:17.4: BAR 13: no space for [io  size 0x1000]
[   23.182969] pci 0000:00:17.4: BAR 13: failed to assign [io  size 0x1000]
[   23.209127] pci 0000:00:17.5: BAR 13: no space for [io  size 0x1000]
[   23.235458] pci 0000:00:17.5: BAR 13: failed to assign [io  size 0x1000]
[   23.262144] pci 0000:00:17.6: BAR 13: no space for [io  size 0x1000]
[   23.288600] pci 0000:00:17.6: BAR 13: failed to assign [io  size 0x1000]
[   23.314452] pci 0000:00:17.7: BAR 13: no space for [io  size 0x1000]
[   23.340995] pci 0000:00:17.7: BAR 13: failed to assign [io  size 0x1000]
[   23.367345] pci 0000:00:18.2: BAR 13: no space for [io  size 0x1000]
[   23.393336] pci 0000:00:18.2: BAR 13: failed to assign [io  size 0x1000]
[   23.419916] pci 0000:00:18.3: BAR 13: no space for [io  size 0x1000]
[   23.446659] pci 0000:00:18.3: BAR 13: failed to assign [io  size 0x1000]
[   23.473028] pci 0000:00:18.4: BAR 13: no space for [io  size 0x1000]
[   23.499706] pci 0000:00:18.4: BAR 13: failed to assign [io  size 0x1000]
[   23.526163] pci 0000:00:18.5: BAR 13: no space for [io  size 0x1000]
[   23.552550] pci 0000:00:18.5: BAR 13: failed to assign [io  size 0x1000]
[   23.579138] pci 0000:00:18.6: BAR 13: no space for [io  size 0x1000]
[   23.605409] pci 0000:00:18.6: BAR 13: failed to assign [io  size 0x1000]
[   23.632039] pci 0000:00:18.7: BAR 13: no space for [io  size 0x1000]
[   23.659223] pci 0000:00:18.7: BAR 13: failed to assign [io  size 0x1000]
[   23.685764] pci 0000:00:18.7: BAR 13: no space for [io  size 0x1000]
[   23.712223] pci 0000:00:18.7: BAR 13: failed to assign [io  size 0x1000]
[   23.740307] pci 0000:00:18.6: BAR 13: no space for [io  size 0x1000]
[   23.766880] pci 0000:00:18.6: BAR 13: failed to assign [io  size 0x1000]
[   23.793470] pci 0000:00:18.5: BAR 13: no space for [io  size 0x1000]
[   23.819346] pci 0000:00:18.5: BAR 13: failed to assign [io  size 0x1000]
[   23.845553] pci 0000:00:18.4: BAR 13: no space for [io  size 0x1000]
[   23.872374] pci 0000:00:18.4: BAR 13: failed to assign [io  size 0x1000]
[   23.898941] pci 0000:00:18.3: BAR 13: no space for [io  size 0x1000]
[   23.924714] pci 0000:00:18.3: BAR 13: failed to assign [io  size 0x1000]
[   23.951613] pci 0000:00:18.2: BAR 13: no space for [io  size 0x1000]
[   23.977980] pci 0000:00:18.2: BAR 13: failed to assign [io  size 0x1000]
[   24.006136] pci 0000:00:17.7: BAR 13: no space for [io  size 0x1000]
[   24.033241] pci 0000:00:17.7: BAR 13: failed to assign [io  size 0x1000]
[   24.059976] pci 0000:00:17.6: BAR 13: no space for [io  size 0x1000]
[   24.086426] pci 0000:00:17.6: BAR 13: failed to assign [io  size 0x1000]
[   24.112757] pci 0000:00:17.5: BAR 13: no space for [io  size 0x1000]
[   24.139029] pci 0000:00:17.5: BAR 13: failed to assign [io  size 0x1000]
[   24.165665] pci 0000:00:17.4: BAR 13: no space for [io  size 0x1000]
[   24.191737] pci 0000:00:17.4: BAR 13: failed to assign [io  size 0x1000]
[   24.219165] pci 0000:00:17.3: BAR 13: no space for [io  size 0x1000]
[   24.245626] pci 0000:00:17.3: BAR 13: failed to assign [io  size 0x1000]
[   24.272045] pci 0000:00:16.7: BAR 13: no space for [io  size 0x1000]
[   24.298897] pci 0000:00:16.7: BAR 13: failed to assign [io  size 0x1000]
[   24.324945] pci 0000:00:16.6: BAR 13: no space for [io  size 0x1000]
[   24.351391] pci 0000:00:16.6: BAR 13: failed to assign [io  size 0x1000]
[   24.377777] pci 0000:00:16.5: BAR 13: no space for [io  size 0x1000]
[   24.404241] pci 0000:00:16.5: BAR 13: failed to assign [io  size 0x1000]
[   24.431889] pci 0000:00:16.4: BAR 13: no space for [io  size 0x1000]
[   24.459013] pci 0000:00:16.4: BAR 13: failed to assign [io  size 0x1000]
[   24.486390] pci 0000:00:16.3: BAR 13: no space for [io  size 0x1000]
[   24.515506] pci 0000:00:16.3: BAR 13: failed to assign [io  size 0x1000]
[   24.544941] pci 0000:00:15.7: BAR 13: no space for [io  size 0x1000]
[   24.572618] pci 0000:00:15.7: BAR 13: failed to assign [io  size 0x1000]
[   24.599582] pci 0000:00:15.6: BAR 13: no space for [io  size 0x1000]
[   24.626017] pci 0000:00:15.6: BAR 13: failed to assign [io  size 0x1000]
[   24.653257] pci 0000:00:15.5: BAR 13: no space for [io  size 0x1000]
[   24.679852] pci 0000:00:15.5: BAR 13: failed to assign [io  size 0x1000]
[   24.706587] pci 0000:00:15.4: BAR 13: no space for [io  size 0x1000]
[   24.732610] pci 0000:00:15.4: BAR 13: failed to assign [io  size 0x1000]
[   24.760377] pci 0000:00:15.3: BAR 13: no space for [io  size 0x1000]
[   24.786774] pci 0000:00:15.3: BAR 13: failed to assign [io  size 0x1000]
[   24.812854] pci 0000:00:01.0: PCI bridge to [bus 01]
[   24.839252] pci 0000:02:01.0: BAR 6: assigned [mem 0xfd500000-0xfd50ffff pref]
[   24.890054] pci 0000:02:04.0: BAR 6: assigned [mem 0xfd510000-0xfd51ffff pref]
[   24.940614] pci 0000:00:11.0: PCI bridge to [bus 02]
[   24.966331] pci 0000:00:11.0:   bridge window [io  0x2000-0x3fff]
[   24.993445] pci 0000:00:11.0:   bridge window [mem 0xfd500000-0xfdffffff]
[   25.020374] pci 0000:00:11.0:   bridge window [mem 0xe7b00000-0xe7ffffff 64bit pref]
[   25.073518] pci 0000:00:15.0: PCI bridge to [bus 03]
[   25.099164] pci 0000:00:15.0:   bridge window [io  0x4000-0x4fff]
[   25.125000] pci 0000:00:15.0:   bridge window [mem 0xfd400000-0xfd4fffff]
[   25.150847] pci 0000:00:15.0:   bridge window [mem 0xe7a00000-0xe7afffff 64bit pref]
[   25.203426] pci 0000:00:15.1: PCI bridge to [bus 04]
[   25.228547] pci 0000:00:15.1:   bridge window [io  0x8000-0x8fff]
[   25.254943] pci 0000:00:15.1:   bridge window [mem 0xfd000000-0xfd0fffff]
[   25.281118] pci 0000:00:15.1:   bridge window [mem 0xe7600000-0xe76fffff 64bit pref]
[   25.331457] pci 0000:00:15.2: PCI bridge to [bus 05]
[   25.357335] pci 0000:00:15.2:   bridge window [io  0xc000-0xcfff]
[   25.386098] pci 0000:00:15.2:   bridge window [mem 0xfcc00000-0xfccfffff]
[   25.412364] pci 0000:00:15.2:   bridge window [mem 0xe7200000-0xe72fffff 64bit pref]
[   25.463981] pci 0000:00:15.3: PCI bridge to [bus 06]
[   25.489699] pci 0000:00:15.3:   bridge window [mem 0xfc800000-0xfc8fffff]
[   25.515866] pci 0000:00:15.3:   bridge window [mem 0xe6e00000-0xe6efffff 64bit pref]
[   25.566634] pci 0000:00:15.4: PCI bridge to [bus 07]
[   25.592165] pci 0000:00:15.4:   bridge window [mem 0xfc400000-0xfc4fffff]
[   25.619163] pci 0000:00:15.4:   bridge window [mem 0xe6a00000-0xe6afffff 64bit pref]
[   25.671184] pci 0000:00:15.5: PCI bridge to [bus 08]
[   25.696629] pci 0000:00:15.5:   bridge window [mem 0xfc000000-0xfc0fffff]
[   25.722608] pci 0000:00:15.5:   bridge window [mem 0xe6600000-0xe66fffff 64bit pref]
[   25.773089] pci 0000:00:15.6: PCI bridge to [bus 09]
[   25.798687] pci 0000:00:15.6:   bridge window [mem 0xfbc00000-0xfbcfffff]
[   25.825308] pci 0000:00:15.6:   bridge window [mem 0xe6200000-0xe62fffff 64bit pref]
[   25.875641] pci 0000:00:15.7: PCI bridge to [bus 0a]
[   25.901322] pci 0000:00:15.7:   bridge window [mem 0xfb800000-0xfb8fffff]
[   25.927896] pci 0000:00:15.7:   bridge window [mem 0xe5e00000-0xe5efffff 64bit pref]
[   25.979210] pci 0000:00:16.0: PCI bridge to [bus 0b]
[   26.006138] pci 0000:00:16.0:   bridge window [io  0x5000-0x5fff]
[   26.033588] pci 0000:00:16.0:   bridge window [mem 0xfd300000-0xfd3fffff]
[   26.060883] pci 0000:00:16.0:   bridge window [mem 0xe7900000-0xe79fffff 64bit pref]
[   26.110915] pci 0000:00:16.1: PCI bridge to [bus 0c]
[   26.137111] pci 0000:00:16.1:   bridge window [io  0x9000-0x9fff]
[   26.163384] pci 0000:00:16.1:   bridge window [mem 0xfcf00000-0xfcffffff]
[   26.189180] pci 0000:00:16.1:   bridge window [mem 0xe7500000-0xe75fffff 64bit pref]
[   26.239471] pci 0000:00:16.2: PCI bridge to [bus 0d]
[   26.265976] pci 0000:00:16.2:   bridge window [io  0xd000-0xdfff]
[   26.292305] pci 0000:00:16.2:   bridge window [mem 0xfcb00000-0xfcbfffff]
[   26.318358] pci 0000:00:16.2:   bridge window [mem 0xe7100000-0xe71fffff 64bit pref]
[   26.371329] pci 0000:00:16.3: PCI bridge to [bus 0e]
[   26.397083] pci 0000:00:16.3:   bridge window [mem 0xfc700000-0xfc7fffff]
[   26.423345] pci 0000:00:16.3:   bridge window [mem 0xe6d00000-0xe6dfffff 64bit pref]
[   26.477958] pci 0000:00:16.4: PCI bridge to [bus 0f]
[   26.503154] pci 0000:00:16.4:   bridge window [mem 0xfc300000-0xfc3fffff]
[   26.529058] pci 0000:00:16.4:   bridge window [mem 0xe6900000-0xe69fffff 64bit pref]
[   26.579102] pci 0000:00:16.5: PCI bridge to [bus 10]
[   26.605548] pci 0000:00:16.5:   bridge window [mem 0xfbf00000-0xfbffffff]
[   26.631532] pci 0000:00:16.5:   bridge window [mem 0xe6500000-0xe65fffff 64bit pref]
[   26.682395] pci 0000:00:16.6: PCI bridge to [bus 11]
[   26.707725] pci 0000:00:16.6:   bridge window [mem 0xfbb00000-0xfbbfffff]
[   26.733535] pci 0000:00:16.6:   bridge window [mem 0xe6100000-0xe61fffff 64bit pref]
[   26.785066] pci 0000:00:16.7: PCI bridge to [bus 12]
[   26.810872] pci 0000:00:16.7:   bridge window [mem 0xfb700000-0xfb7fffff]
[   26.836903] pci 0000:00:16.7:   bridge window [mem 0xe5d00000-0xe5dfffff 64bit pref]
[   26.887594] pci 0000:00:17.0: PCI bridge to [bus 13]
[   26.913023] pci 0000:00:17.0:   bridge window [io  0x6000-0x6fff]
[   26.938950] pci 0000:00:17.0:   bridge window [mem 0xfd200000-0xfd2fffff]
[   26.964712] pci 0000:00:17.0:   bridge window [mem 0xe7800000-0xe78fffff 64bit pref]
[   27.022690] pci 0000:00:17.1: PCI bridge to [bus 14]
[   27.049519] pci 0000:00:17.1:   bridge window [io  0xa000-0xafff]
[   27.075384] pci 0000:00:17.1:   bridge window [mem 0xfce00000-0xfcefffff]
[   27.102136] pci 0000:00:17.1:   bridge window [mem 0xe7400000-0xe74fffff 64bit pref]
[   27.152464] pci 0000:00:17.2: PCI bridge to [bus 15]
[   27.177907] pci 0000:00:17.2:   bridge window [io  0xe000-0xefff]
[   27.203786] pci 0000:00:17.2:   bridge window [mem 0xfca00000-0xfcafffff]
[   27.229838] pci 0000:00:17.2:   bridge window [mem 0xe7000000-0xe70fffff 64bit pref]
[   27.280375] pci 0000:00:17.3: PCI bridge to [bus 16]
[   27.305994] pci 0000:00:17.3:   bridge window [mem 0xfc600000-0xfc6fffff]
[   27.332141] pci 0000:00:17.3:   bridge window [mem 0xe6c00000-0xe6cfffff 64bit pref]
[   27.383019] pci 0000:00:17.4: PCI bridge to [bus 17]
[   27.409601] pci 0000:00:17.4:   bridge window [mem 0xfc200000-0xfc2fffff]
[   27.436415] pci 0000:00:17.4:   bridge window [mem 0xe6800000-0xe68fffff 64bit pref]
[   27.487697] pci 0000:00:17.5: PCI bridge to [bus 18]
[   27.513654] pci 0000:00:17.5:   bridge window [mem 0xfbe00000-0xfbefffff]
[   27.540073] pci 0000:00:17.5:   bridge window [mem 0xe6400000-0xe64fffff 64bit pref]
[   27.590704] pci 0000:00:17.6: PCI bridge to [bus 19]
[   27.617013] pci 0000:00:17.6:   bridge window [mem 0xfba00000-0xfbafffff]
[   27.643677] pci 0000:00:17.6:   bridge window [mem 0xe6000000-0xe60fffff 64bit pref]
[   27.695901] pci 0000:00:17.7: PCI bridge to [bus 1a]
[   27.722038] pci 0000:00:17.7:   bridge window [mem 0xfb600000-0xfb6fffff]
[   27.748803] pci 0000:00:17.7:   bridge window [mem 0xe5c00000-0xe5cfffff 64bit pref]
[   27.799914] pci 0000:00:18.0: PCI bridge to [bus 1b]
[   27.825387] pci 0000:00:18.0:   bridge window [io  0x7000-0x7fff]
[   27.851656] pci 0000:00:18.0:   bridge window [mem 0xfd100000-0xfd1fffff]
[   27.877818] pci 0000:00:18.0:   bridge window [mem 0xe7700000-0xe77fffff 64bit pref]
[   27.929115] pci 0000:00:18.1: PCI bridge to [bus 1c]
[   27.954872] pci 0000:00:18.1:   bridge window [io  0xb000-0xbfff]
[   27.980700] pci 0000:00:18.1:   bridge window [mem 0xfcd00000-0xfcdfffff]
[   28.006778] pci 0000:00:18.1:   bridge window [mem 0xe7300000-0xe73fffff 64bit pref]
[   28.058596] pci 0000:00:18.2: PCI bridge to [bus 1d]
[   28.084443] pci 0000:00:18.2:   bridge window [mem 0xfc900000-0xfc9fffff]
[   28.110855] pci 0000:00:18.2:   bridge window [mem 0xe6f00000-0xe6ffffff 64bit pref]
[   28.161428] pci 0000:00:18.3: PCI bridge to [bus 1e]
[   28.187046] pci 0000:00:18.3:   bridge window [mem 0xfc500000-0xfc5fffff]
[   28.213344] pci 0000:00:18.3:   bridge window [mem 0xe6b00000-0xe6bfffff 64bit pref]
[   28.263682] pci 0000:00:18.4: PCI bridge to [bus 1f]
[   28.289554] pci 0000:00:18.4:   bridge window [mem 0xfc100000-0xfc1fffff]
[   28.316268] pci 0000:00:18.4:   bridge window [mem 0xe6700000-0xe67fffff 64bit pref]
[   28.366986] pci 0000:00:18.5: PCI bridge to [bus 20]
[   28.393330] pci 0000:00:18.5:   bridge window [mem 0xfbd00000-0xfbdfffff]
[   28.419739] pci 0000:00:18.5:   bridge window [mem 0xe6300000-0xe63fffff 64bit pref]
[   28.471351] pci 0000:00:18.6: PCI bridge to [bus 21]
[   28.496895] pci 0000:00:18.6:   bridge window [mem 0xfb900000-0xfb9fffff]
[   28.523579] pci 0000:00:18.6:   bridge window [mem 0xe5f00000-0xe5ffffff 64bit pref]
[   28.573938] pci 0000:00:18.7: PCI bridge to [bus 22]
[   28.599713] pci 0000:00:18.7:   bridge window [mem 0xfb500000-0xfb5fffff]
[   28.626645] pci 0000:00:18.7:   bridge window [mem 0xe5b00000-0xe5bfffff 64bit pref]
[   28.677981] pci_bus 0000:00: resource 4 [mem 0x000a0000-0x000bffff window]
[   28.704117] pci_bus 0000:00: resource 5 [mem 0x000d0000-0x000dbfff window]
[   28.730321] pci_bus 0000:00: resource 6 [mem 0xc0000000-0xfebfffff window]
[   28.757600] pci_bus 0000:00: resource 7 [io  0x0000-0x0cf7 window]
[   28.783902] pci_bus 0000:00: resource 8 [io  0x0d00-0xfeff window]
[   28.810242] pci_bus 0000:02: resource 0 [io  0x2000-0x3fff]
[   28.835729] pci_bus 0000:02: resource 1 [mem 0xfd500000-0xfdffffff]
[   28.861252] pci_bus 0000:02: resource 2 [mem 0xe7b00000-0xe7ffffff 64bit pref]
[   28.911370] pci_bus 0000:02: resource 4 [mem 0x000a0000-0x000bffff window]
[   28.937572] pci_bus 0000:02: resource 5 [mem 0x000d0000-0x000dbfff window]
[   28.963582] pci_bus 0000:02: resource 6 [mem 0xc0000000-0xfebfffff window]
[   28.989834] pci_bus 0000:02: resource 7 [io  0x0000-0x0cf7 window]
[   29.016114] pci_bus 0000:02: resource 8 [io  0x0d00-0xfeff window]
[   29.045040] pci_bus 0000:03: resource 0 [io  0x4000-0x4fff]
[   29.071201] pci_bus 0000:03: resource 1 [mem 0xfd400000-0xfd4fffff]
[   29.097237] pci_bus 0000:03: resource 2 [mem 0xe7a00000-0xe7afffff 64bit pref]
[   29.147967] pci_bus 0000:04: resource 0 [io  0x8000-0x8fff]
[   29.173888] pci_bus 0000:04: resource 1 [mem 0xfd000000-0xfd0fffff]
[   29.200109] pci_bus 0000:04: resource 2 [mem 0xe7600000-0xe76fffff 64bit pref]
[   29.250633] pci_bus 0000:05: resource 0 [io  0xc000-0xcfff]
[   29.276430] pci_bus 0000:05: resource 1 [mem 0xfcc00000-0xfccfffff]
[   29.301999] pci_bus 0000:05: resource 2 [mem 0xe7200000-0xe72fffff 64bit pref]
[   29.351938] pci_bus 0000:06: resource 1 [mem 0xfc800000-0xfc8fffff]
[   29.378093] pci_bus 0000:06: resource 2 [mem 0xe6e00000-0xe6efffff 64bit pref]
[   29.429178] pci_bus 0000:07: resource 1 [mem 0xfc400000-0xfc4fffff]
[   29.455920] pci_bus 0000:07: resource 2 [mem 0xe6a00000-0xe6afffff 64bit pref]
[   29.506669] pci_bus 0000:08: resource 1 [mem 0xfc000000-0xfc0fffff]
[   29.533500] pci_bus 0000:08: resource 2 [mem 0xe6600000-0xe66fffff 64bit pref]
[   29.584374] pci_bus 0000:09: resource 1 [mem 0xfbc00000-0xfbcfffff]
[   29.610034] pci_bus 0000:09: resource 2 [mem 0xe6200000-0xe62fffff 64bit pref]
[   29.661258] pci_bus 0000:0a: resource 1 [mem 0xfb800000-0xfb8fffff]
[   29.687264] pci_bus 0000:0a: resource 2 [mem 0xe5e00000-0xe5efffff 64bit pref]
[   29.738099] pci_bus 0000:0b: resource 0 [io  0x5000-0x5fff]
[   29.763840] pci_bus 0000:0b: resource 1 [mem 0xfd300000-0xfd3fffff]
[   29.790395] pci_bus 0000:0b: resource 2 [mem 0xe7900000-0xe79fffff 64bit pref]
[   29.840403] pci_bus 0000:0c: resource 0 [io  0x9000-0x9fff]
[   29.866014] pci_bus 0000:0c: resource 1 [mem 0xfcf00000-0xfcffffff]
[   29.892093] pci_bus 0000:0c: resource 2 [mem 0xe7500000-0xe75fffff 64bit pref]
[   29.943809] pci_bus 0000:0d: resource 0 [io  0xd000-0xdfff]
[   29.969204] pci_bus 0000:0d: resource 1 [mem 0xfcb00000-0xfcbfffff]
[   29.995108] pci_bus 0000:0d: resource 2 [mem 0xe7100000-0xe71fffff 64bit pref]
[   30.046167] pci_bus 0000:0e: resource 1 [mem 0xfc700000-0xfc7fffff]
[   30.072538] pci_bus 0000:0e: resource 2 [mem 0xe6d00000-0xe6dfffff 64bit pref]
[   30.123151] pci_bus 0000:0f: resource 1 [mem 0xfc300000-0xfc3fffff]
[   30.149375] pci_bus 0000:0f: resource 2 [mem 0xe6900000-0xe69fffff 64bit pref]
[   30.199371] pci_bus 0000:10: resource 1 [mem 0xfbf00000-0xfbffffff]
[   30.225188] pci_bus 0000:10: resource 2 [mem 0xe6500000-0xe65fffff 64bit pref]
[   30.275844] pci_bus 0000:11: resource 1 [mem 0xfbb00000-0xfbbfffff]
[   30.301540] pci_bus 0000:11: resource 2 [mem 0xe6100000-0xe61fffff 64bit pref]
[   30.351893] pci_bus 0000:12: resource 1 [mem 0xfb700000-0xfb7fffff]
[   30.378070] pci_bus 0000:12: resource 2 [mem 0xe5d00000-0xe5dfffff 64bit pref]
[   30.429116] pci_bus 0000:13: resource 0 [io  0x6000-0x6fff]
[   30.456557] pci_bus 0000:13: resource 1 [mem 0xfd200000-0xfd2fffff]
[   30.483103] pci_bus 0000:13: resource 2 [mem 0xe7800000-0xe78fffff 64bit pref]
[   30.534160] pci_bus 0000:14: resource 0 [io  0xa000-0xafff]
[   30.560525] pci_bus 0000:14: resource 1 [mem 0xfce00000-0xfcefffff]
[   30.589862] pci_bus 0000:14: resource 2 [mem 0xe7400000-0xe74fffff 64bit pref]
[   30.645886] pci_bus 0000:15: resource 0 [io  0xe000-0xefff]
[   30.672682] pci_bus 0000:15: resource 1 [mem 0xfca00000-0xfcafffff]
[   30.698710] pci_bus 0000:15: resource 2 [mem 0xe7000000-0xe70fffff 64bit pref]
[   30.749704] pci_bus 0000:16: resource 1 [mem 0xfc600000-0xfc6fffff]
[   30.775593] pci_bus 0000:16: resource 2 [mem 0xe6c00000-0xe6cfffff 64bit pref]
[   30.825784] pci_bus 0000:17: resource 1 [mem 0xfc200000-0xfc2fffff]
[   30.852333] pci_bus 0000:17: resource 2 [mem 0xe6800000-0xe68fffff 64bit pref]
[   30.903255] pci_bus 0000:18: resource 1 [mem 0xfbe00000-0xfbefffff]
[   30.928650] pci_bus 0000:18: resource 2 [mem 0xe6400000-0xe64fffff 64bit pref]
[   30.979134] pci_bus 0000:19: resource 1 [mem 0xfba00000-0xfbafffff]
[   31.005130] pci_bus 0000:19: resource 2 [mem 0xe6000000-0xe60fffff 64bit pref]
[   31.055506] pci_bus 0000:1a: resource 1 [mem 0xfb600000-0xfb6fffff]
[   31.081136] pci_bus 0000:1a: resource 2 [mem 0xe5c00000-0xe5cfffff 64bit pref]
[   31.131484] pci_bus 0000:1b: resource 0 [io  0x7000-0x7fff]
[   31.157271] pci_bus 0000:1b: resource 1 [mem 0xfd100000-0xfd1fffff]
[   31.183053] pci_bus 0000:1b: resource 2 [mem 0xe7700000-0xe77fffff 64bit pref]
[   31.233616] pci_bus 0000:1c: resource 0 [io  0xb000-0xbfff]
[   31.259031] pci_bus 0000:1c: resource 1 [mem 0xfcd00000-0xfcdfffff]
[   31.284973] pci_bus 0000:1c: resource 2 [mem 0xe7300000-0xe73fffff 64bit pref]
[   31.335273] pci_bus 0000:1d: resource 1 [mem 0xfc900000-0xfc9fffff]
[   31.361285] pci_bus 0000:1d: resource 2 [mem 0xe6f00000-0xe6ffffff 64bit pref]
[   31.412571] pci_bus 0000:1e: resource 1 [mem 0xfc500000-0xfc5fffff]
[   31.439275] pci_bus 0000:1e: resource 2 [mem 0xe6b00000-0xe6bfffff 64bit pref]
[   31.489212] pci_bus 0000:1f: resource 1 [mem 0xfc100000-0xfc1fffff]
[   31.515032] pci_bus 0000:1f: resource 2 [mem 0xe6700000-0xe67fffff 64bit pref]
[   31.566386] pci_bus 0000:20: resource 1 [mem 0xfbd00000-0xfbdfffff]
[   31.592742] pci_bus 0000:20: resource 2 [mem 0xe6300000-0xe63fffff 64bit pref]
[   31.645959] pci_bus 0000:21: resource 1 [mem 0xfb900000-0xfb9fffff]
[   31.674170] pci_bus 0000:21: resource 2 [mem 0xe5f00000-0xe5ffffff 64bit pref]
[   31.726768] pci_bus 0000:22: resource 1 [mem 0xfb500000-0xfb5fffff]
[   31.755299] pci_bus 0000:22: resource 2 [mem 0xe5b00000-0xe5bfffff 64bit pref]
[   31.807712] pci 0000:00:00.0: Limiting direct PCI/PCI transfers
[   31.833324] pci 0000:00:00.0: quirk_natoma+0x0/0x40 took 25011 usecs
[   31.861866] pci 0000:02:01.0: CLS mismatch (32 != 64), using 64 bytes
[   31.888301] PCI-DMA: Using software bounce buffering for IO (SWIOTLB)
[   31.889496] Unpacking initramfs...
[   31.889576] software IO TLB: mapped [mem 0x00000000bbed0000-0x00000000bfed0000] (64MB)
[   31.994065] clocksource: tsc: mask: 0xffffffffffffffff max_cycles: 0x6d8bfb3af03, max_idle_ns: 881590598286 ns
[   32.046449] clocksource: Switched to clocksource tsc
[   32.076553] Initialise system trusted keyrings
[   32.102491] Key type blacklist registered
[   32.128901] workingset: timestamp_bits=36 max_order=21 bucket_order=0
[   32.185910] version string lalakis1
[   32.211681] BTF IDs:
[   32.236715] 0: 84292
[   32.262515] 1: 84293
[   32.289757] 2: 84294
[   32.314901] 3: 84296
[   32.339883] 4: 84298
[   32.341983] Freeing initrd memory: 35296K
[   32.365296] 5: 84300
[   32.365298] 6: 84301
[   32.365322] zbud: loaded
[   32.366037] squashfs: version 4.0 (2009/01/31) Phillip Lougher
[   32.494782] fuse: init (API version 7.39)
[   32.522344] integrity: Platform Keyring initialized
[   32.548022] integrity: Machine keyring initialized
[   32.576639] Key type asymmetric registered
[   32.601875] Asymmetric key parser 'x509' registered
[   32.628425] Block layer SCSI generic (bsg) driver version 0.4 loaded (major 243)
[   32.681945] io scheduler mq-deadline registered
[   32.710315] pcieport 0000:00:15.0: PME: Signaling with IRQ 24
[   32.736487] pcieport 0000:00:15.0: pciehp: Slot #160 AttnBtn+ PwrCtrl+ MRL- AttnInd- PwrInd- HotPlug+ Surprise- Interlock- NoCompl+ IbPresDis- LLActRep+
[   32.792261] pcieport 0000:00:15.1: PME: Signaling with IRQ 25
[   32.818644] pcieport 0000:00:15.1: pciehp: Slot #161 AttnBtn+ PwrCtrl+ MRL- AttnInd- PwrInd- HotPlug+ Surprise- Interlock- NoCompl+ IbPresDis- LLActRep+
[   32.875014] pcieport 0000:00:15.2: PME: Signaling with IRQ 26
[   32.901329] pcieport 0000:00:15.2: pciehp: Slot #162 AttnBtn+ PwrCtrl+ MRL- AttnInd- PwrInd- HotPlug+ Surprise- Interlock- NoCompl+ IbPresDis- LLActRep+
[   32.958167] pcieport 0000:00:15.3: PME: Signaling with IRQ 27
[   32.985131] pcieport 0000:00:15.3: pciehp: Slot #163 AttnBtn+ PwrCtrl+ MRL- AttnInd- PwrInd- HotPlug+ Surprise- Interlock- NoCompl+ IbPresDis- LLActRep+
[   33.041318] pcieport 0000:00:15.4: PME: Signaling with IRQ 28
[   33.067653] pcieport 0000:00:15.4: pciehp: Slot #164 AttnBtn+ PwrCtrl+ MRL- AttnInd- PwrInd- HotPlug+ Surprise- Interlock- NoCompl+ IbPresDis- LLActRep+
[   33.123967] pcieport 0000:00:15.5: PME: Signaling with IRQ 29
[   33.149866] pcieport 0000:00:15.5: pciehp: Slot #165 AttnBtn+ PwrCtrl+ MRL- AttnInd- PwrInd- HotPlug+ Surprise- Interlock- NoCompl+ IbPresDis- LLActRep+
[   33.205167] pcieport 0000:00:15.6: PME: Signaling with IRQ 30
[   33.231252] pcieport 0000:00:15.6: pciehp: Slot #166 AttnBtn+ PwrCtrl+ MRL- AttnInd- PwrInd- HotPlug+ Surprise- Interlock- NoCompl+ IbPresDis- LLActRep+
[   33.286713] pcieport 0000:00:15.7: PME: Signaling with IRQ 31
[   33.313007] pcieport 0000:00:15.7: pciehp: Slot #167 AttnBtn+ PwrCtrl+ MRL- AttnInd- PwrInd- HotPlug+ Surprise- Interlock- NoCompl+ IbPresDis- LLActRep+
[   33.369210] pcieport 0000:00:16.0: PME: Signaling with IRQ 32
[   33.396067] pcieport 0000:00:16.0: pciehp: Slot #192 AttnBtn+ PwrCtrl+ MRL- AttnInd- PwrInd- HotPlug+ Surprise- Interlock- NoCompl+ IbPresDis- LLActRep+
[   33.452597] pcieport 0000:00:16.1: PME: Signaling with IRQ 33
[   33.479795] pcieport 0000:00:16.1: pciehp: Slot #193 AttnBtn+ PwrCtrl+ MRL- AttnInd- PwrInd- HotPlug+ Surprise- Interlock- NoCompl+ IbPresDis- LLActRep+
[   33.536642] pcieport 0000:00:16.2: PME: Signaling with IRQ 34
[   33.562516] pcieport 0000:00:16.2: pciehp: Slot #194 AttnBtn+ PwrCtrl+ MRL- AttnInd- PwrInd- HotPlug+ Surprise- Interlock- NoCompl+ IbPresDis- LLActRep+
[   33.617551] pcieport 0000:00:16.3: PME: Signaling with IRQ 35
[   33.643760] pcieport 0000:00:16.3: pciehp: Slot #195 AttnBtn+ PwrCtrl+ MRL- AttnInd- PwrInd- HotPlug+ Surprise- Interlock- NoCompl+ IbPresDis- LLActRep+
[   33.698511] pcieport 0000:00:16.4: PME: Signaling with IRQ 36
[   33.724694] pcieport 0000:00:16.4: pciehp: Slot #196 AttnBtn+ PwrCtrl+ MRL- AttnInd- PwrInd- HotPlug+ Surprise- Interlock- NoCompl+ IbPresDis- LLActRep+
[   33.780200] pcieport 0000:00:16.5: PME: Signaling with IRQ 37
[   33.807660] pcieport 0000:00:16.5: pciehp: Slot #197 AttnBtn+ PwrCtrl+ MRL- AttnInd- PwrInd- HotPlug+ Surprise- Interlock- NoCompl+ IbPresDis- LLActRep+
[   33.863826] pcieport 0000:00:16.6: PME: Signaling with IRQ 38
[   33.890344] pcieport 0000:00:16.6: pciehp: Slot #198 AttnBtn+ PwrCtrl+ MRL- AttnInd- PwrInd- HotPlug+ Surprise- Interlock- NoCompl+ IbPresDis- LLActRep+
[   33.947038] pcieport 0000:00:16.7: PME: Signaling with IRQ 39
[   33.973611] pcieport 0000:00:16.7: pciehp: Slot #199 AttnBtn+ PwrCtrl+ MRL- AttnInd- PwrInd- HotPlug+ Surprise- Interlock- NoCompl+ IbPresDis- LLActRep+
[   34.029344] pcieport 0000:00:17.0: PME: Signaling with IRQ 40
[   34.055855] pcieport 0000:00:17.0: pciehp: Slot #224 AttnBtn+ PwrCtrl+ MRL- AttnInd- PwrInd- HotPlug+ Surprise- Interlock- NoCompl+ IbPresDis- LLActRep+
[   34.112042] pcieport 0000:00:17.1: PME: Signaling with IRQ 41
[   34.138755] pcieport 0000:00:17.1: pciehp: Slot #225 AttnBtn+ PwrCtrl+ MRL- AttnInd- PwrInd- HotPlug+ Surprise- Interlock- NoCompl+ IbPresDis- LLActRep+
[   34.194181] pcieport 0000:00:17.2: PME: Signaling with IRQ 42
[   34.219887] pcieport 0000:00:17.2: pciehp: Slot #226 AttnBtn+ PwrCtrl+ MRL- AttnInd- PwrInd- HotPlug+ Surprise- Interlock- NoCompl+ IbPresDis- LLActRep+
[   34.275232] pcieport 0000:00:17.3: PME: Signaling with IRQ 43
[   34.301494] pcieport 0000:00:17.3: pciehp: Slot #227 AttnBtn+ PwrCtrl+ MRL- AttnInd- PwrInd- HotPlug+ Surprise- Interlock- NoCompl+ IbPresDis- LLActRep+
[   34.357486] pcieport 0000:00:17.4: PME: Signaling with IRQ 44
[   34.383506] pcieport 0000:00:17.4: pciehp: Slot #228 AttnBtn+ PwrCtrl+ MRL- AttnInd- PwrInd- HotPlug+ Surprise- Interlock- NoCompl+ IbPresDis- LLActRep+
[   34.438418] pcieport 0000:00:17.5: PME: Signaling with IRQ 45
[   34.464984] pcieport 0000:00:17.5: pciehp: Slot #229 AttnBtn+ PwrCtrl+ MRL- AttnInd- PwrInd- HotPlug+ Surprise- Interlock- NoCompl+ IbPresDis- LLActRep+
[   34.521099] pcieport 0000:00:17.6: PME: Signaling with IRQ 46
